Component: ARM Compiler 5.06 update 4 (build 422) Tool: armlink [4d35d2]

==============================================================================

Section Cross References

    main.o(i.main) refers to delay.o(i.delay_init) for delay_init
    main.o(i.main) refers to misc.o(i.NVIC_PriorityGroupConfig) for NVIC_PriorityGroupConfig
    main.o(i.main) refers to usart.o(i.uart_init) for uart_init
    main.o(i.main) refers to usart2.o(i.USART2_init) for USART2_init
    main.o(i.main) refers to esp8266.o(i.esp8266_quit_trans) for esp8266_quit_trans
    main.o(i.main) refers to esp8266.o(i.esp8266_start_trans) for esp8266_start_trans
    main.o(i.main) refers to car.o(i.GPIOB_Init) for GPIOB_Init
    main.o(i.main) refers to pwm.o(i.TIM3_PWM_Init) for TIM3_PWM_Init
    main.o(i.main) refers to esp8266.o(i.WIFI_Rece_Data) for WIFI_Rece_Data
    main.o(i.main) refers to car.o(i.setpwm) for setpwm
    main.o(i.main) refers to car.o(i.forward) for forward
    main.o(i.main) refers to car.o(i.setpwm1) for setpwm1
    main.o(i.main) refers to car.o(i.turn_left) for turn_left
    main.o(i.main) refers to car.o(i.turn_left1) for turn_left1
    main.o(i.main) refers to car.o(i.turn_right) for turn_right
    main.o(i.main) refers to car.o(i.turn_right1) for turn_right1
    main.o(i.main) refers to car.o(i.stop) for stop
    main.o(i.main) refers to car.o(i.back) for back
    main.o(i.main) refers to delay.o(i.delay_ms) for delay_ms
    system_stm32f10x.o(i.SetSysClock) refers to system_stm32f10x.o(i.SetSysClockTo72) for SetSysClockTo72
    system_stm32f10x.o(i.SystemCoreClockUpdate) refers to system_stm32f10x.o(.data) for SystemCoreClock
    system_stm32f10x.o(i.SystemInit) refers to system_stm32f10x.o(i.SetSysClock) for SetSysClock
    usart.o(i.USART1_IRQHandler) refers (Special) to use_no_semi_2.o(.text) for __use_no_semihosting
    usart.o(i.USART1_IRQHandler) refers to stm32f10x_usart.o(i.USART_GetITStatus) for USART_GetITStatus
    usart.o(i.USART1_IRQHandler) refers to stm32f10x_usart.o(i.USART_ReceiveData) for USART_ReceiveData
    usart.o(i.USART1_IRQHandler) refers to usart.o(.data) for USART_RX_STA
    usart.o(i.USART1_IRQHandler) refers to usart.o(.bss) for USART_RX_BUF
    usart.o(i._sys_exit) refers (Special) to use_no_semi_2.o(.text) for __use_no_semihosting
    usart.o(i.fputc) refers (Special) to use_no_semi_2.o(.text) for __use_no_semihosting
    usart.o(i.uart_init) refers (Special) to use_no_semi_2.o(.text) for __use_no_semihosting
    usart.o(i.uart_init) refers to stm32f10x_rcc.o(i.RCC_APB2PeriphClockCmd) for RCC_APB2PeriphClockCmd
    usart.o(i.uart_init) refers to stm32f10x_gpio.o(i.GPIO_Init) for GPIO_Init
    usart.o(i.uart_init) refers to misc.o(i.NVIC_Init) for NVIC_Init
    usart.o(i.uart_init) refers to stm32f10x_usart.o(i.USART_Init) for USART_Init
    usart.o(i.uart_init) refers to stm32f10x_usart.o(i.USART_ITConfig) for USART_ITConfig
    usart.o(i.uart_init) refers to stm32f10x_usart.o(i.USART_Cmd) for USART_Cmd
    usart.o(.bss) refers (Special) to use_no_semi_2.o(.text) for __use_no_semihosting
    usart.o(.data) refers (Special) to use_no_semi_2.o(.text) for __use_no_semihosting
    startup_stm32f10x_md.o(STACK) refers (Special) to heapauxi.o(.text) for __use_two_region_memory
    startup_stm32f10x_md.o(HEAP) refers (Special) to heapauxi.o(.text) for __use_two_region_memory
    startup_stm32f10x_md.o(RESET) refers (Special) to heapauxi.o(.text) for __use_two_region_memory
    startup_stm32f10x_md.o(RESET) refers to startup_stm32f10x_md.o(STACK) for __initial_sp
    startup_stm32f10x_md.o(RESET) refers to startup_stm32f10x_md.o(.text) for Reset_Handler
    startup_stm32f10x_md.o(RESET) refers to stm32f10x_it.o(i.NMI_Handler) for NMI_Handler
    startup_stm32f10x_md.o(RESET) refers to stm32f10x_it.o(i.HardFault_Handler) for HardFault_Handler
    startup_stm32f10x_md.o(RESET) refers to stm32f10x_it.o(i.MemManage_Handler) for MemManage_Handler
    startup_stm32f10x_md.o(RESET) refers to stm32f10x_it.o(i.BusFault_Handler) for BusFault_Handler
    startup_stm32f10x_md.o(RESET) refers to stm32f10x_it.o(i.UsageFault_Handler) for UsageFault_Handler
    startup_stm32f10x_md.o(RESET) refers to stm32f10x_it.o(i.SVC_Handler) for SVC_Handler
    startup_stm32f10x_md.o(RESET) refers to stm32f10x_it.o(i.DebugMon_Handler) for DebugMon_Handler
    startup_stm32f10x_md.o(RESET) refers to stm32f10x_it.o(i.PendSV_Handler) for PendSV_Handler
    startup_stm32f10x_md.o(RESET) refers to stm32f10x_it.o(i.SysTick_Handler) for SysTick_Handler
    startup_stm32f10x_md.o(RESET) refers to timer.o(i.TIM2_IRQHandler) for TIM2_IRQHandler
    startup_stm32f10x_md.o(RESET) refers to usart.o(i.USART1_IRQHandler) for USART1_IRQHandler
    startup_stm32f10x_md.o(RESET) refers to usart2.o(i.USART2_IRQHandler) for USART2_IRQHandler
    startup_stm32f10x_md.o(.text) refers (Special) to heapauxi.o(.text) for __use_two_region_memory
[...]
    !!!main                                  0x080000ec   Section        8  __main.o(!!!main)
    !!!scatter                               0x080000f4   Section       52  __scatter.o(!!!scatter)
    !!handler_copy                           0x08000128   Section       26  __scatter_copy.o(!!handler_copy)
    !!handler_zi                             0x08000144   Section       28  __scatter_zi.o(!!handler_zi)
    .ARM.Collect$$_printf_percent$$00000000  0x08000160   Section        0  _printf_percent.o(.ARM.Collect$$_printf_percent$$00000000)
    .ARM.Collect$$_printf_percent$$00000001  0x08000160   Section        6  _printf_n.o(.ARM.Collect$$_printf_percent$$00000001)
    .ARM.Collect$$_printf_percent$$00000002  0x08000166   Section        6  _printf_p.o(.ARM.Collect$$_printf_percent$$00000002)
    .ARM.Collect$$_printf_percent$$00000003  0x0800016c   Section        6  _printf_f.o(.ARM.Collect$$_printf_percent$$00000003)
    .ARM.Collect$$_printf_percent$$00000004  0x08000172   Section        6  _printf_e.o(.ARM.Collect$$_printf_percent$$00000004)
    .ARM.Collect$$_printf_percent$$00000005  0x08000178   Section        6  _printf_g.o(.ARM.Collect$$_printf_percent$$00000005)
    .ARM.Collect$$_printf_percent$$00000006  0x0800017e   Section        6  _printf_a.o(.ARM.Collect$$_printf_percent$$00000006)
    .ARM.Collect$$_printf_percent$$00000007  0x08000184   Section       10  _printf_ll.o(.ARM.Collect$$_printf_percent$$00000007)
    .ARM.Collect$$_printf_percent$$00000008  0x0800018e   Section        6  _printf_i.o(.ARM.Collect$$_printf_percent$$00000008)
    .ARM.Collect$$_printf_percent$$00000009  0x08000194   Section        6  _printf_d.o(.ARM.Collect$$_printf_percent$$00000009)
    .ARM.Collect$$_printf_percent$$0000000A  0x0800019a   Section        6  _printf_u.o(.ARM.Collect$$_printf_percent$$0000000A)
    .ARM.Collect$$_printf_percent$$0000000B  0x080001a0   Section        6  _printf_o.o(.ARM.Collect$$_printf_percent$$0000000B)
    .ARM.Collect$$_printf_percent$$0000000C  0x080001a6   Section        6  _printf_x.o(.ARM.Collect$$_printf_percent$$0000000C)
    .ARM.Collect$$_printf_percent$$0000000D  0x080001ac   Section        6  _printf_lli.o(.ARM.Collect$$_printf_percent$$0000000D)
    .ARM.Collect$$_printf_percent$$0000000E  0x080001b2   Section        6  _printf_lld.o(.ARM.Collect$$_printf_percent$$0000000E)
    .ARM.Collect$$_printf_percent$$0000000F  0x080001b8   Section        6  _printf_llu.o(.ARM.Collect$$_printf_percent$$0000000F)
    .ARM.Collect$$_printf_percent$$00000010  0x080001be   Section        6  _printf_llo.o(.ARM.Collect$$_printf_percent$$00000010)
    .ARM.Collect$$_printf_percent$$00000011  0x080001c4   Section        6  _printf_llx.o(.ARM.Collect$$_printf_percent$$00000011)
    .ARM.Collect$$_printf_percent$$00000012  0x080001ca   Section       10  _printf_l.o(.ARM.Collect$$_printf_percent$$00000012)
    .ARM.Collect$$_printf_percent$$00000013  0x080001d4   Section        6  _printf_c.o(.ARM.Collect$$_printf_percent$$00000013)
    .ARM.Collect$$_printf_percent$$00000014  0x080001da   Section        6  _printf_s.o(.ARM.Collect$$_printf_percent$$00000014)
    .ARM.Collect$$_printf_percent$$00000015  0x080001e0   Section        6  _printf_lc.o(.ARM.Collect$$_printf_percent$$00000015)
    .ARM.Collect$$_printf_percent$$00000016  0x080001e6   Section        6  _printf_ls.o(.ARM.Collect$$_printf_percent$$00000016)
    .ARM.Collect$$_printf_percent$$00000017  0x080001ec   Section        4  _printf_percent_end.o(.ARM.Collect$$_printf_percent$$00000017)
    .ARM.Collect$$libinit$$00000000          0x080001f0   Section        2  libinit.o(.ARM.Collect$$libinit$$00000000)
    .ARM.Collect$$libinit$$00000002          0x080001f2   Section        0  libinit2.o(.ARM.Collect$$libinit$$00000002)
    .ARM.Collect$$libinit$$00000004          0x080001f2   Section        0  libinit2.o(.ARM.Collect$$libinit$$00000004)
    .ARM.Collect$$libinit$$0000000A          0x080001f2   Section        0  libinit2.o(.ARM.Collect$$libinit$$0000000A)
    .ARM.Collect$$libinit$$0000000C          0x080001f2   Section        0  libinit2.o(.ARM.Collect$$libinit$$0000000C)
    .ARM.Collect$$libinit$$0000000E          0x080001f2   Section        0  libinit2.o(.ARM.Collect$$libinit$$0000000E)
    .ARM.Collect$$libinit$$0000000F          0x080001f2   Section        6  libinit2.o(.ARM.Collect$$libinit$$0000000F)
    .ARM.Collect$$libinit$$00000011          0x080001f8   Section        0  libinit2.o(.ARM.Collect$$libinit$$00000011)
    .ARM.Collect$$libinit$$00000012          0x080001f8   Section       12  libinit2.o(.ARM.Collect$$libinit$$00000012)
    .ARM.Collect$$libinit$$00000013          0x08000204   Section        0  libinit2.o(.ARM.Collect$$libinit$$00000013)
    .ARM.Collect$$libinit$$00000015          0x08000204   Section        0  libinit2.o(.ARM.Collect$$libinit$$00000015)
    .ARM.Collect$$libinit$$00000016          0x08000204   Section       10  libinit2.o(.ARM.Collect$$libinit$$00000016)
    .ARM.Collect$$libinit$$00000017          0x0800020e   Section        0  libinit2.o(.ARM.Collect$$libinit$$00000017)
    .ARM.Collect$$libinit$$00000019          0x0800020e   Section        0  libinit2.o(.ARM.Collect$$libinit$$00000019)
    .ARM.Collect$$libinit$$0000001B          0x0800020e   Section        0  libinit2.o(.ARM.Collect$$libinit$$0000001B)
    .ARM.Collect$$libinit$$0000001D          0x0800020e   Section        0  libinit2.o(.ARM.Collect$$libinit$$0000001D)
    .ARM.Collect$$libinit$$0000001F          0x0800020e   Section        0  libinit2.o(.ARM.Collect$$libinit$$0000001F)
    .ARM.Collect$$libinit$$00000021          0x0800020e   Section        0  libinit2.o(.ARM.Collect$$libinit$$00000021)
    .ARM.Collect$$libinit$$00000023          0x0800020e   Section        0  libinit2.o(.ARM.Collect$$libinit$$00000023)
    .ARM.Collect$$libinit$$00000025          0x0800020e   Section        0  libinit2.o(.ARM.Collect$$libinit$$00000025)
    .ARM.Collect$$libinit$$0000002C          0x0800020e   Section        0  libinit2.o(.ARM.Collect$$libinit$$0000002C)
    .ARM.Collect$$libinit$$0000002E          0x0800020e   Section        0  libinit2.o(.ARM.Collect$$libinit$$0000002E)
    .ARM.Collect$$libinit$$00000030          0x0800020e   Section        0  libinit2.o(.ARM.Collect$$libinit$$00000030)
    .ARM.Collect$$libinit$$00000032          0x0800020e   Section        0  libinit2.o(.ARM.Collect$$libinit$$00000032)
    .ARM.Collect$$libinit$$00000033          0x0800020e   Section        2  libinit2.o(.ARM.Collect$$libinit$$00000033)
    .ARM.Collect$$libshutdown$$00000000      0x08000210   Section        2  libshutdown.o(.ARM.Collect$$libshutdown$$00000000)
    .ARM.Collect$$libshutdown$$00000002      0x08000212   Section        0  libshutdown2.o(.ARM.Collect$$libshutdown$$00000002)
    .ARM.Collect$$libshutdown$$00000004      0x08000212   Section        0  libshutdown2.o(.ARM.Collect$$libshutdown$$00000004)
    .ARM.Collect$$libshutdown$$00000007      0x08000212   Section        0  libshutdown2.o(.ARM.Collect$$libshutdown$$00000007)
    .ARM.Collect$$libshutdown$$0000000A      0x08000212   Section        0  libshutdown2.o(.ARM.Collect$$libshutdown$$0000000A)
    .ARM.Collect$$libshutdown$$0000000C      0x08000212   Section        0  libshutdown2.o(.ARM.Collect$$libshutdown$$0000000C)
    .ARM.Collect$$libshutdown$$0000000F      0x08000212   Section        0  libshutdown2.o(.ARM.Collect$$libshutdown$$0000000F)
    .ARM.Collect$$libshutdown$$00000010      0x08000212   Section        2  libshutdown2.o(.ARM.Collect$$libshutdown$$00000010)
    .ARM.Collect$$rtentry$$00000000          0x08000214   Section        0  __rtentry.o(.ARM.Collect$$rtentry$$00000000)
    .ARM.Collect$$rtentry$$00000002          0x08000214   Section        0  __rtentry2.o(.ARM.Collect$$rtentry$$00000002)
    .ARM.Collect$$rtentry$$00000004          0x08000214   Section        6  __rtentry4.o(.ARM.Collect$$rtentry$$00000004)
    .ARM.Collect$$rtentry$$00000009          0x0800021a   Section        0  __rtentry2.o(.ARM.Collect$$rtentry$$00000009)
    .ARM.Collect$$rtentry$$0000000A          0x0800021a   Section        4  __rtentry2.o(.ARM.Collect$$rtentry$$0000000A)
    .ARM.Collect$$rtentry$$0000000C          0x0800021e   Section        0  __rtentry2.o(.ARM.Collect$$rtentry$$0000000C)
    .ARM.Collect$$rtentry$$0000000D          0x0800021e   Section        8  __rtentry2.o(.ARM.Collect$$rtentry$$0000000D)
    .ARM.Collect$$rtexit$$00000000           0x08000226   Section        2  rtexit.o(.ARM.Collect$$rtexit$$00000000)
    .ARM.Collect$$rtexit$$00000002           0x08000228   Section        0  rtexit2.o(.ARM.Collect$$rtexit$$00000002)
    .ARM.Collect$$rtexit$$00000003           0x08000228   Section        4  rtexit2.o(.ARM.Collect$$rtexit$$00000003)
    .ARM.Collect$$rtexit$$00000004           0x0800022c   Section        6  rtexit2.o(.ARM.Collect$$rtexit$$00000004)
    .text                                    0x08000234   Section       56  startup_stm32f10x_md.o(.text)
    .text                                    0x0800026c   Section        2  use_no_semi_2.o(.text)
    .text                                    0x08000270   Section        0  vsprintf.o(.text)
    .text                                    0x08000294   Section        0  __2printf.o(.text)
    .text                                    0x080002ac   Section        0  _printf_str.o(.text)
    .text                                    0x08000300   Section        0  __printf_flags_ss_wp.o(.text)
    .text                                    0x08000488   Section        0  strstr.o(.text)
    .text                                    0x080004ac   Section        0  strlen.o(.text)
    .text                                    0x080004ea   Section       68  rt_memclr.o(.text)
    .text                                    0x0800052e   Section        0  heapauxi.o(.text)
    .text                                    0x08000534   Section        2  use_no_semi.o(.text)
    .text                                    0x08000536   Section        0  _printf_pad.o(.text)
    .text                                    0x08000584   Section        0  _printf_truncate.o(.text)
    .text                                    0x080005a8   Section        0  _printf_dec.o(.text)
    .text                                    0x08000620   Section        0  _printf_charcount.o(.text)
    .text                                    0x08000648   Section        0  _printf_char_common.o(.text)
    _printf_input_char                       0x08000649   Thumb Code    10  _printf_char_common.o(.text)
    .text                                    0x08000678   Section        0  _sputc.o(.text)
    .text                                    0x08000682   Section        0  _printf_char.o(.text)
    .text                                    0x080006b0   Section        0  _printf_char_file.o(.text)
    .text                                    0x080006d4   Section        0  _printf_wctomb.o(.text)
    .text                                    0x08000790   Section        0  _printf_longlong_dec.o(.text)
    .text                                    0x0800080c   Section        0  _printf_oct_int_ll.o(.text)
    _printf_longlong_oct_internal            0x0800080d   Thumb Code     0  _printf_oct_int_ll.o(.text)
    .text                                    0x0800087c   Section        0  _printf_hex_int_ll_ptr.o(.text)
    _printf_hex_common                       0x0800087d   Thumb Code     0  _printf_hex_int_ll_ptr.o(.text)
    .text                                    0x08000910   Section       78  rt_memclr_w.o(.text)
    .text                                    0x0800095e   Section      138  lludiv10.o(.text)
    .text                                    0x080009e8   Section        0  _printf_intcommon.o(.text)
    .text                                    0x08000a9a   Section        0  _printf_fp_dec.o(.text)
    _fp_digits                               0x08000a9d   Thumb Code   428  _printf_fp_dec.o(.text)
    .text                                    0x08000eb4   Section        0  _printf_fp_hex.o(.text)
    .text                                    0x080011b0   Section        0  _printf_wchar.o(.text)
    .text                                    0x080011dc   Section        0  ferror.o(.text)
    .text                                    0x080011e4   Section        0  _wcrtomb.o(.text)
    .text                                    0x08001224   Section       74  sys_stackheap_outer.o(.text)
    .text                                    0x08001270   Section       16  rt_ctype_table.o(.text)
    .text                                    0x08001280   Section        8  rt_locale_intlibspace.o(.text)
    .text                                    0x08001288   Section        0  _printf_fp_infnan.o(.text)
    .text                                    0x08001308   Section        0  bigflt0.o(.text)
    .text                                    0x080013e4   Section        0  exit.o(.text)
    .text                                    0x080013f8   Section        8  libspace.o(.text)
    .text                                    0x08001400   Section      128  strcmpv7m.o(.text)
    CL$$btod_d2e                             0x08001480   Section       62  btod.o(CL$$btod_d2e)
    CL$$btod_d2e_denorm_low                  0x080014be   Section       70  btod.o(CL$$btod_d2e_denorm_low)
    CL$$btod_d2e_norm_op1                    0x08001504   Section       96  btod.o(CL$$btod_d2e_norm_op1)
    CL$$btod_div_common                      0x08001564   Section      824  btod.o(CL$$btod_div_common)
    CL$$btod_e2e                             0x0800189c   Section      198  btod.o(CL$$btod_e2e)
    CL$$btod_ediv                            0x08001962   Section       40  btod.o(CL$$btod_ediv)
    CL$$btod_emul                            0x0800198a   Section       40  btod.o(CL$$btod_emul)
    CL$$btod_mult_common                     0x080019b2   Section      580  btod.o(CL$$btod_mult_common)
    i.BusFault_Handler                       0x08001bf6   Section        0  stm32f10x_it.o(i.BusFault_Handler)
    i.DebugMon_Handler                       0x08001bfa   Section        0  stm32f10x_it.o(i.DebugMon_Handler)
    i.GPIOB_Init                             0x08001bfc   Section        0  car.o(i.GPIOB_Init)
    i.GPIO_Init                              0x08001c54   Section        0  stm32f10x_gpio.o(i.GPIO_Init)
    i.GPIO_ResetBits                         0x08001d6a   Section        0  stm32f10x_gpio.o(i.GPIO_ResetBits)
    i.GPIO_SetBits                           0x08001d6e   Section        0  stm32f10x_gpio.o(i.GPIO_SetBits)
    i.HardFault_Handler                      0x08001d72   Section        0  stm32f10x_it.o(i.HardFault_Handler)
    i.MemManage_Handler                      0x08001d76   Section        0  stm32f10x_it.o(i.MemManage_Handler)
    i.NMI_Handler                            0x08001d7a   Section        0  stm32f10x_it.o(i.NMI_Handler)
    i.NVIC_Init                              0x08001d7c   Section        0  misc.o(i.NVIC_Init)
    i.NVIC_PriorityGroupConfig               0x08001dec   Section        0  misc.o(i.NVIC_PriorityGroupConfig)
    i.PendSV_Handler                         0x08001e00   Section        0  stm32f10x_it.o(i.PendSV_Handler)
    i.RCC_APB1PeriphClockCmd                 0x08001e04   Section        0  stm32f10x_rcc.o(i.RCC_APB1PeriphClockCmd)
    i.RCC_APB1PeriphResetCmd                 0x08001e24   Section        0  stm32f10x_rcc.o(i.RCC_APB1PeriphResetCmd)
    i.RCC_APB2PeriphClockCmd                 0x08001e44   Section        0  stm32f10x_rcc.o(i.RCC_APB2PeriphClockCmd)
    i.RCC_APB2PeriphResetCmd                 0x08001e64   Section        0  stm32f10x_rcc.o(i.RCC_APB2PeriphResetCmd)
    i.RCC_GetClocksFreq                      0x08001e84   Section        0  stm32f10x_rcc.o(i.RCC_GetClocksFreq)
    i.SVC_Handler                            0x08001f58   Section        0  stm32f10x_it.o(i.SVC_Handler)
    i.SysTick_CLKSourceConfig                0x08001f5a   Section        0  misc.o(i.SysTick_CLKSourceConfig)
    i.SysTick_Handler                        0x08001f82   Section        0  stm32f10x_it.o(i.SysTick_Handler)
    i.TIM2_IRQHandler                        0x08001f84   Section        0  timer.o(i.TIM2_IRQHandler)
    i.TIM2_Int_Init                          0x08001fb4   Section        0  timer.o(i.TIM2_Int_Init)
    i.TIM3_PWM_Init                          0x08002010   Section        0  pwm.o(i.TIM3_PWM_Init)
    i.TIM_ClearITPendingBit                  0x08002114   Section        0  stm32f10x_tim.o(i.TIM_ClearITPendingBit)
    i.TIM_Cmd                                0x0800211a   Section        0  stm32f10x_tim.o(i.TIM_Cmd)
    i.TIM_CtrlPWMOutputs                     0x08002132   Section        0  stm32f10x_tim.o(i.TIM_CtrlPWMOutputs)
    i.TIM_GetITStatus                        0x08002150   Section        0  stm32f10x_tim.o(i.TIM_GetITStatus)
    i.TIM_ITConfig                           0x08002172   Section        0  stm32f10x_tim.o(i.TIM_ITConfig)
    i.TIM_OC1Init                            0x08002184   Section        0  stm32f10x_tim.o(i.TIM_OC1Init)
    i.TIM_OC1PreloadConfig                   0x0800221c   Section        0  stm32f10x_tim.o(i.TIM_OC1PreloadConfig)
    i.TIM_OC2Init                            0x08002230   Section        0  stm32f10x_tim.o(i.TIM_OC2Init)
    i.TIM_OC2PreloadConfig                   0x080022d4   Section        0  stm32f10x_tim.o(i.TIM_OC2PreloadConfig)
    i.TIM_OC3Init                            0x080022f0   Section        0  stm32f10x_tim.o(i.TIM_OC3Init)
    i.TIM_OC3PreloadConfig                   0x08002390   Section        0  stm32f10x_tim.o(i.TIM_OC3PreloadConfig)
    i.TIM_OC4Init                            0x080023a4   Section        0  stm32f10x_tim.o(i.TIM_OC4Init)
    i.TIM_OC4PreloadConfig                   0x08002420   Section        0  stm32f10x_tim.o(i.TIM_OC4PreloadConfig)
    i.TIM_SetCompare1                        0x0800243a   Section        0  stm32f10x_tim.o(i.TIM_SetCompare1)
    i.TIM_SetCompare2                        0x0800243e   Section        0  stm32f10x_tim.o(i.TIM_SetCompare2)
    i.TIM_SetCompare3                        0x08002442   Section        0  stm32f10x_tim.o(i.TIM_SetCompare3)
    i.TIM_SetCompare4                        0x08002446   Section        0  stm32f10x_tim.o(i.TIM_SetCompare4)
    i.TIM_SetCounter                         0x0800244c   Section        0  stm32f10x_tim.o(i.TIM_SetCounter)
    i.TIM_TimeBaseInit                       0x08002450   Section        0  stm32f10x_tim.o(i.TIM_TimeBaseInit)
    i.USART1_IRQHandler                      0x080024f4   Section        0  usart.o(i.USART1_IRQHandler)
    i.USART2_IRQHandler                      0x0800257c   Section        0  usart2.o(i.USART2_IRQHandler)
    i.USART2_init                            0x080025e8   Section        0  usart2.o(i.USART2_init)
    i.USART_Cmd                              0x080026b4   Section        0  stm32f10x_usart.o(i.USART_Cmd)
    i.USART_DeInit                           0x080026cc   Section        0  stm32f10x_usart.o(i.USART_DeInit)
    i.USART_GetFlagStatus                    0x08002768   Section        0  stm32f10x_usart.o(i.USART_GetFlagStatus)
    i.USART_GetITStatus                      0x08002782   Section        0  stm32f10x_usart.o(i.USART_GetITStatus)
    i.USART_ITConfig                         0x080027d6   Section        0  stm32f10x_usart.o(i.USART_ITConfig)
    i.USART_Init                             0x08002820   Section        0  stm32f10x_usart.o(i.USART_Init)
    i.USART_ReceiveData                      0x080028f8   Section        0  stm32f10x_usart.o(i.USART_ReceiveData)
    i.USART_SendData                         0x08002902   Section        0  stm32f10x_usart.o(i.USART_SendData)
    i.UsageFault_Handler                     0x0800290a   Section        0  stm32f10x_it.o(i.UsageFault_Handler)
    i.WIFI_Rece_Data                         0x08002910   Section        0  esp8266.o(i.WIFI_Rece_Data)
    i.__ARM_fpclassify                       0x08002944   Section        0  fpclassify.o(i.__ARM_fpclassify)
    i._is_digit                              0x0800296c   Section        0  __printf_wp.o(i._is_digit)
    i._sys_exit                              0x0800297a   Section        0  usart.o(i._sys_exit)
    i.back                                   0x08002980   Section        0  car.o(i.back)
    i.delay_init                             0x0800299c   Section        0  delay.o(i.delay_init)
    i.delay_ms                               0x080029e0   Section        0  delay.o(i.delay_ms)
    i.esp8266_check_cmd                      0x08002a2c   Section        0  esp8266.o(i.esp8266_check_cmd)
    i.esp8266_quit_trans                     0x08002a60   Section        0  esp8266.o(i.esp8266_quit_trans)
    i.esp8266_send_cmd                       0x08002ac0   Section        0  esp8266.o(i.esp8266_send_cmd)
    i.esp8266_start_trans                    0x08002b34   Section        0  esp8266.o(i.esp8266_start_trans)
    i.forward                                0x08002c68   Section        0  car.o(i.forward)
    i.fputc                                  0x08002c84   Section        0  usart.o(i.fputc)
    i.main                                   0x08002ca0   Section        0  main.o(i.main)
    i.setpwm                                 0x08002eec   Section        0  car.o(i.setpwm)
    i.setpwm1                                0x08002f18   Section        0  car.o(i.setpwm1)
    i.stop                                   0x08002f44   Section        0  car.o(i.stop)
    i.turn_left                              0x08002f58   Section        0  car.o(i.turn_left)
    i.turn_left1                             0x08002f74   Section        0  car.o(i.turn_left1)
    i.turn_right                             0x08002f90   Section        0  car.o(i.turn_right)
    i.turn_right1                            0x08002fac   Section        0  car.o(i.turn_right1)
    i.u3_printf                              0x08002fc8   Section        0  usart2.o(i.u3_printf)
    i.uart_init                              0x08003018   Section        0  usart.o(i.uart_init)
    locale$$code                             0x080030b8   Section       44  lc_numeric_c.o(locale$$code)
    locale$$code                             0x080030e4   Section       44  lc_ctype_c.o(locale$$code)
    x$fpl$printf1                            0x08003110   Section        4  printf1.o(x$fpl$printf1)
    x$fpl$printf2                            0x08003114   Section        4  printf2.o(x$fpl$printf2)
    .constdata                               0x08003118   Section       17  __printf_flags_ss_wp.o(.constdata)
    x$fpl$usenofp                            0x08003118   Section        0  usenofp.o(x$fpl$usenofp)
    maptable                                 0x08003118   Data          17  __printf_flags_ss_wp.o(.constdata)
    .constdata                               0x0800312c   Section        8  _printf_wctomb.o(.constdata)
    initial_mbstate                          0x0800312c   Data           8  _printf_wctomb.o(.constdata)
    .constdata                               0x08003134   Section       40  _printf_hex_int_ll_ptr.o(.constdata)
    uc_hextab                                0x08003134   Data          20  _printf_hex_int_ll_ptr.o(.constdata)
    lc_hextab                                0x08003148   Data          20  _printf_hex_int_ll_ptr.o(.constdata)
    .constdata                               0x0800315c   Section       38  _printf_fp_hex.o(.constdata)
    lc_hextab                                0x0800315c   Data          19  _printf_fp_hex.o(.constdata)
    uc_hextab                                0x0800316f   Data          19  _printf_fp_hex.o(.constdata)
    .constdata                               0x08003184   Section      148  bigflt0.o(.constdata)
    tenpwrs_x                                0x08003184   Data          60  bigflt0.o(.constdata)
    tenpwrs_i                                0x080031c0   Data          64  bigflt0.o(.constdata)
    locale$$data                             0x08003238   Section       28  lc_numeric_c.o(locale$$data)
    __lcnum_c_name                           0x0800323c   Data           2  lc_numeric_c.o(locale$$data)
    __lcnum_c_start                          0x08003244   Data           0  lc_numeric_c.o(locale$$data)
    __lcnum_c_point                          0x08003250   Data           0  lc_numeric_c.o(locale$$data)
    __lcnum_c_thousands                      0x08003252   Data           0  lc_numeric_c.o(locale$$data)
    __lcnum_c_grouping                       0x08003253   Data           0  lc_numeric_c.o(locale$$data)
    locale$$data                             0x08003254   Section      272  lc_ctype_c.o(locale$$data)
    __lcnum_c_end                            0x08003254   Data           0  lc_numeric_c.o(locale$$data)
    __lcctype_c_name                         0x08003258   Data           2  lc_ctype_c.o(locale$$data)
    __lcctype_c_start                        0x08003260   Data           0  lc_ctype_c.o(locale$$data)
    __lcctype_c_end                          0x08003364   Data           0  lc_ctype_c.o(locale$$data)
    .data                                    0x20000000   Section       20  system_stm32f10x.o(.data)
    .data                                    0x20000014   Section        6  usart.o(.data)
    .data                                    0x2000001a   Section       20  stm32f10x_rcc.o(.data)
    APBAHBPrescTable                         0x2000001a   Data          16  stm32f10x_rcc.o(.data)
    ADCPrescTable                            0x2000002a   Data           4  stm32f10x_rcc.o(.data)
    .data                                    0x2000002e   Section        4  delay.o(.data)
    fac_us                                   0x2000002e   Data           1  delay.o(.data)
    fac_ms                                   0x20000030   Data           2  delay.o(.data)
    .data                                    0x20000032   Section        2  usart2.o(.data)
    .bss                                     0x20000034   Section      200  usart.o(.bss)
    .bss                                     0x200000fc   Section     1200  usart2.o(.bss)
    .bss                                     0x200005ac   Section       96  libspace.o(.bss)
    HEAP                                     0x20000610   Section      512  startup_stm32f10x_md.o(HEAP)
    Heap_Mem                                 0x20000610   Data         512  startup_stm32f10x_md.o(HEAP)
    STACK                                    0x20000810   Section     1024  startup_stm32f10x_md.o(STACK)
    Stack_Mem                                0x20000810   Data        1024  startup_stm32f10x_md.o(STACK)
    __initial_sp                             0x20000c10   Data           0  startup_stm32f10x_md.o(STACK)

    Global Symbols

    Symbol Name                              Value     Ov Type        Size  Object(Section)

    BuildAttributes$$THM_ISAv4$P$D$K$B$S$PE$A:L22UL41UL21$X:L11$S22US41US21$IEEE1$IW$USESV6$~STKCKD$USESV7$~SHL$OTIME$ROPI$IEEEJ$EBA8$UX$STANDARDLIB$REQ8$PRES8$EABIv2 0x00000000   Number         0  anon$$obj.o ABSOLUTE
    __ARM_use_no_argv                        0x00000000   Number         0  main.o ABSOLUTE
    _printf_flags                            0x00000000   Number         0  printf_stubs.o ABSOLUTE
    _printf_return_value                     0x00000000   Number         0  printf_stubs.o ABSOLUTE
    _printf_sizespec                         0x00000000   Number         0  printf_stubs.o ABSOLUTE
    _printf_widthprec                        0x00000000   Number         0  printf_stubs.o ABSOLUTE
    __ARM_exceptions_init                     - Undefined Weak Reference
    __alloca_initialize                       - Undefined Weak Reference
    __arm_preinit_                            - Undefined Weak Reference
    __cpp_initialize__aeabi_                  - Undefined Weak Reference
    __cxa_finalize                            - Undefined Weak Reference
    __sigvec_lookup                           - Undefined Weak Reference
    _atexit_init                              - Undefined Weak Reference
    _call_atexit_fns                          - Undefined Weak Reference
    _clock_init                               - Undefined Weak Reference
    _fp_trap_init                             - Undefined Weak Reference
    _fp_trap_shutdown                         - Undefined Weak Reference
    _get_lc_collate                           - Undefined Weak Reference
    _get_lc_monetary                          - Undefined Weak Reference
    _get_lc_time                              - Undefined Weak Reference
    _getenv_init                              - Undefined Weak Reference
    _handle_redirection                       - Undefined Weak Reference
    _init_alloc                               - Undefined Weak Reference
    _init_user_alloc                          - Undefined Weak Reference
    _initio                                   - Undefined Weak Reference
    _mutex_acquire                            - Undefined Weak Reference
    _mutex_release                            - Undefined Weak Reference
    _printf_mbtowc                            - Undefined Weak Reference
    _printf_wc                                - Undefined Weak Reference
    _rand_init                                - Undefined Weak Reference
    _signal_finish                            - Undefined Weak Reference
    _signal_init                              - Undefined Weak Reference
    _terminate_alloc                          - Undefined Weak Reference
    _terminate_user_alloc                     - Undefined Weak Reference
    _terminateio                              - Undefined Weak Reference
    __Vectors_Size                           0x000000ec   Number         0  startup_stm32f10x_md.o ABSOLUTE
    __Vectors                                0x08000000   Data           4  startup_stm32f10x_md.o(RESET)
    __Vectors_End                            0x080000ec   Data           0  startup_stm32f10x_md.o(RESET)
    __main                                   0x080000ed   Thumb Code     8  __main.o(!!!main)
    __scatterload                            0x080000f5   Thumb Code     0  __scatter.o(!!!scatter)
    __scatterload_rt2                        0x080000f5   Thumb Code    44  __scatter.o(!!!scatter)
    __scatterload_rt2_thumb_only             0x080000f5   Thumb Code     0  __scatter.o(!!!scatter)
    __scatterload_null                       0x08000103   Thumb Code     0  __scatter.o(!!!scatter)
    __scatterload_copy                       0x08000129   Thumb Code    26  __scatter_copy.o(!!handler_copy)
    __scatterload_zeroinit                   0x08000145   Thumb Code    28  __scatter_zi.o(!!handler_zi)
    _printf_n                                0x08000161   Thumb Code     0  _printf_n.o(.ARM.Collect$$_printf_percent$$00000001)
    _printf_percent                          0x08000161   Thumb Code     0  _printf_percent.o(.ARM.Collect$$_printf_percent$$00000000)
    _printf_p                                0x08000167   Thumb Code     0  _printf_p.o(.ARM.Collect$$_printf_percent$$00000002)
    _printf_f                                0x0800016d   Thumb Code     0  _printf_f.o(.ARM.Collect$$_printf_percent$$00000003)
    _printf_e                                0x08000173   Thumb Code     0  _printf_e.o(.ARM.Collect$$_printf_percent$$00000004)
    _printf_g                                0x08000179   Thumb Code     0  _printf_g.o(.ARM.Collect$$_printf_percent$$00000005)
    _printf_a                                0x0800017f   Thumb Code     0  _printf_a.o(.ARM.Collect$$_printf_percent$$00000006)
    _printf_ll                               0x08000185   Thumb Code     0  _printf_ll.o(.ARM.Collect$$_printf_percent$$00000007)
    _printf_i                                0x0800018f   Thumb Code     0  _printf_i.o(.ARM.Collect$$_printf_percent$$00000008)
    _printf_d                                0x08000195   Thumb Code     0  _printf_d.o(.ARM.Collect$$_printf_percent$$00000009)
    _printf_u                                0x0800019b   Thumb Code     0  _printf_u.o(.ARM.Collect$$_printf_percent$$0000000A)
    _printf_o                                0x080001a1   Thumb Code     0  _printf_o.o(.ARM.Collect$$_printf_percent$$0000000B)
    _printf_x                                0x080001a7   Thumb Code     0  _printf_x.o(.ARM.Collect$$_printf_percent$$0000000C)
    _printf_lli                              0x080001ad   Thumb Code     0  _printf_lli.o(.ARM.Collect$$_printf_percent$$0000000D)
    _printf_lld                              0x080001b3   Thumb Code     0  _printf_lld.o(.ARM.Collect$$_printf_percent$$0000000E)
    _printf_llu                              0x080001b9   Thumb Code     0  _printf_llu.o(.ARM.Collect$$_printf_percent$$0000000F)
    _printf_llo                              0x080001bf   Thumb Code     0  _printf_llo.o(.ARM.Collect$$_printf_percent$$00000010)
    _printf_llx                              0x080001c5   Thumb Code     0  _printf_llx.o(.ARM.Collect$$_printf_percent$$00000011)
    _printf_l                                0x080001cb   Thumb Code     0  _printf_l.o(.ARM.Collect$$_printf_percent$$00000012)
    _printf_c                                0x080001d5   Thumb Code     0  _printf_c.o(.ARM.Collect$$_printf_percent$$00000013)
    _printf_s                                0x080001db   Thumb Code     0  _printf_s.o(.ARM.Collect$$_printf_percent$$00000014)
    _printf_lc                               0x080001e1   Thumb Code     0  _printf_lc.o(.ARM.Collect$$_printf_percent$$00000015)
    _printf_ls                               0x080001e7   Thumb Code     0  _printf_ls.o(.ARM.Collect$$_printf_percent$$00000016)
    _printf_percent_end                      0x080001ed   Thumb Code     0  _printf_percent_end.o(.ARM.Collect$$_printf_percent$$00000017)
    __rt_lib_init                            0x080001f1   Thumb Code     0  libinit.o(.ARM.Collect$$libinit$$00000000)
    __rt_lib_init_fp_1                       0x080001f3   Thumb Code     0  libinit2.o(.ARM.Collect$$libinit$$00000002)
    __rt_lib_init_heap_1                     0x080001f3   Thumb Code     0  libinit2.o(.ARM.Collect$$libinit$$0000000A)
    __rt_lib_init_lc_common                  0x080001f3   Thumb Code     0  libinit2.o(.ARM.Collect$$libinit$$0000000F)
    __rt_lib_init_preinit_1                  0x080001f3   Thumb Code     0  libinit2.o(.ARM.Collect$$libinit$$00000004)
    __rt_lib_init_rand_1                     0x080001f3   Thumb Code     0  libinit2.o(.ARM.Collect$$libinit$$0000000E)
    __rt_lib_init_user_alloc_1               0x080001f3   Thumb Code     0  libinit2.o(.ARM.Collect$$libinit$$0000000C)
    __rt_lib_init_lc_collate_1               0x080001f9   Thumb Code     0  libinit2.o(.ARM.Collect$$libinit$$00000011)
    __rt_lib_init_lc_ctype_2                 0x080001f9   Thumb Code     0  libinit2.o(.ARM.Collect$$libinit$$00000012)
    __rt_lib_init_lc_ctype_1                 0x08000205   Thumb Code     0  libinit2.o(.ARM.Collect$$libinit$$00000013)
    __rt_lib_init_lc_monetary_1              0x08000205   Thumb Code     0  libinit2.o(.ARM.Collect$$libinit$$00000015)
    __rt_lib_init_lc_numeric_2               0x08000205   Thumb Code     0  libinit2.o(.ARM.Collect$$libinit$$00000016)
    __rt_lib_init_alloca_1                   0x0800020f   Thumb Code     0  libinit2.o(.ARM.Collect$$libinit$$0000002E)
    __rt_lib_init_argv_1                     0x0800020f   Thumb Code     0  libinit2.o(.ARM.Collect$$libinit$$0000002C)
    __rt_lib_init_atexit_1                   0x0800020f   Thumb Code     0  libinit2.o(.ARM.Collect$$libinit$$0000001B)
    __rt_lib_init_clock_1                    0x0800020f   Thumb Code     0  libinit2.o(.ARM.Collect$$libinit$$00000021)
    __rt_lib_init_cpp_1                      0x0800020f   Thumb Code     0  libinit2.o(.ARM.Collect$$libinit$$00000032)
    __rt_lib_init_exceptions_1               0x0800020f   Thumb Code     0  libinit2.o(.ARM.Collect$$libinit$$00000030)
    __rt_lib_init_fp_trap_1                  0x0800020f   Thumb Code     0  libinit2.o(.ARM.Collect$$libinit$$0000001F)
    __rt_lib_init_getenv_1                   0x0800020f   Thumb Code     0  libinit2.o(.ARM.Collect$$libinit$$00000023)
    __rt_lib_init_lc_numeric_1               0x0800020f   Thumb Code     0  libinit2.o(.ARM.Collect$$libinit$$00000017)
    __rt_lib_init_lc_time_1                  0x0800020f   Thumb Code     0  libinit2.o(.ARM.Collect$$libinit$$00000019)
    __rt_lib_init_return                     0x0800020f   Thumb Code     0  libinit2.o(.ARM.Collect$$libinit$$00000033)
    __rt_lib_init_signal_1                   0x0800020f   Thumb Code     0  libinit2.o(.ARM.Collect$$libinit$$0000001D)
    __rt_lib_init_stdio_1                    0x0800020f   Thumb Code     0  libinit2.o(.ARM.Collect$$libinit$$00000025)
    __rt_lib_shutdown                        0x08000211   Thumb Code     0  libshutdown.o(.ARM.Collect$$libshutdown$$00000000)
    __rt_lib_shutdown_cpp_1                  0x08000213   Thumb Code     0  libshutdown2.o(.ARM.Collect$$libshutdown$$00000002)
    __rt_lib_shutdown_fp_trap_1              0x08000213   Thumb Code     0  libshutdown2.o(.ARM.Collect$$libshutdown$$00000007)
    __rt_lib_shutdown_heap_1                 0x08000213   Thumb Code     0  libshutdown2.o(.ARM.Collect$$libshutdown$$0000000F)
    __rt_lib_shutdown_return                 0x08000213   Thumb Code     0  libshutdown2.o(.ARM.Collect$$libshutdown$$00000010)
    __rt_lib_shutdown_signal_1               0x08000213   Thumb Code     0  libshutdown2.o(.ARM.Collect$$libshutdown$$0000000A)
    __rt_lib_shutdown_stdio_1                0x08000213   Thumb Code     0  libshutdown2.o(.ARM.Collect$$libshutdown$$00000004)
    __rt_lib_shutdown_user_alloc_1           0x08000213   Thumb Code     0  libshutdown2.o(.ARM.Collect$$libshutdown$$0000000C)
    __rt_entry                               0x08000215   Thumb Code     0  __rtentry.o(.ARM.Collect$$rtentry$$00000000)
    __rt_entry_presh_1                       0x08000215   Thumb Code     0  __rtentry2.o(.ARM.Collect$$rtentry$$00000002)
    __rt_entry_sh                            0x08000215   Thumb Code     0  __rtentry4.o(.ARM.Collect$$rtentry$$00000004)
    __rt_entry_li                            0x0800021b   Thumb Code     0  __rtentry2.o(.ARM.Collect$$rtentry$$0000000A)
    __rt_entry_postsh_1                      0x0800021b   Thumb Code     0  __rtentry2.o(.ARM.Collect$$rtentry$$00000009)
    __rt_entry_main                          0x0800021f   Thumb Code     0  __rtentry2.o(.ARM.Collect$$rtentry$$0000000D)
    __rt_entry_postli_1                      0x0800021f   Thumb Code     0  __rtentry2.o(.ARM.Collect$$rtentry$$0000000C)
    __rt_exit                                0x08000227   Thumb Code     0  rtexit.o(.ARM.Collect$$rtexit$$00000000)
    __rt_exit_ls                             0x08000229   Thumb Code     0  rtexit2.o(.ARM.Collect$$rtexit$$00000003)
    __rt_exit_prels_1                        0x08000229   Thumb Code     0  rtexit2.o(.ARM.Collect$$rtexit$$00000002)
    __rt_exit_exit                           0x0800022d   Thumb Code     0  rtexit2.o(.ARM.Collect$$rtexit$$00000004)
    Reset_Handler                            0x08000235   Thumb Code     4  startup_stm32f10x_md.o(.text)
    ADC1_2_IRQHandler                        0x0800024b   Thumb Code     0  startup_stm32f10x_md.o(.text)
    CAN1_RX1_IRQHandler                      0x0800024b   Thumb Code     0  startup_stm32f10x_md.o(.text)
    CAN1_SCE_IRQHandler                      0x0800024b   Thumb Code     0  startup_stm32f10x_md.o(.text)
    DMA1_Channel1_IRQHandler                 0x0800024b   Thumb Code     0  startup_stm32f10x_md.o(.text)
    DMA1_Channel2_IRQHandler                 0x0800024b   Thumb Code     0  startup_stm32f10x_md.o(.text)
    DMA1_Channel3_IRQHandler                 0x0800024b   Thumb Code     0  startup_stm32f10x_md.o(.text)
    DMA1_Channel4_IRQHandler                 0x0800024b   Thumb Code     0  startup_stm32f10x_md.o(.text)
    DMA1_Channel5_IRQHandler                 0x0800024b   Thumb Code     0  startup_stm32f10x_md.o(.text)
    DMA1_Channel6_IRQHandler                 0x0800024b   Thumb Code     0  startup_stm32f10x_md.o(.text)
    DMA1_Channel7_IRQHandler                 0x0800024b   Thumb Code     0  startup_stm32f10x_md.o(.text)
    EXTI0_IRQHandler                         0x0800024b   Thumb Code     0  startup_stm32f10x_md.o(.text)
    EXTI15_10_IRQHandler                     0x0800024b   Thumb Code     0  startup_stm32f10x_md.o(.text)
    EXTI1_IRQHandler                         0x0800024b   Thumb Code     0  startup_stm32f10x_md.o(.text)
    EXTI2_IRQHandler                         0x0800024b   Thumb Code     0  startup_stm32f10x_md.o(.text)
    EXTI3_IRQHandler                         0x0800024b   Thumb Code     0  startup_stm32f10x_md.o(.text)
    EXTI4_IRQHandler                         0x0800024b   Thumb Code     0  startup_stm32f10x_md.o(.text)
    EXTI9_5_IRQHandler                       0x0800024b   Thumb Code     0  startup_stm32f10x_md.o(.text)
    FLASH_IRQHandler                         0x0800024b   Thumb Code     0  startup_stm32f10x_md.o(.text)
    I2C1_ER_IRQHandler                       0x0800024b   Thumb Code     0  startup_stm32f10x_md.o(.text)
    I2C1_EV_IRQHandler                       0x0800024b   Thumb Code     0  startup_stm32f10x_md.o(.text)
    I2C2_ER_IRQHandler                       0x0800024b   Thumb Code     0  startup_stm32f10x_md.o(.text)
    I2C2_EV_IRQHandler                       0x0800024b   Thumb Code     0  startup_stm32f10x_md.o(.text)
    PVD_IRQHandler                           0x0800024b   Thumb Code     0  startup_stm32f10x_md.o(.text)
    RCC_IRQHandler                           0x0800024b   Thumb Code     0  startup_stm32f10x_md.o(.text)
    RTCAlarm_IRQHandler                      0x0800024b   Thumb Code     0  startup_stm32f10x_md.o(.text)
    RTC_IRQHandler                           0x0800024b   Thumb Code     0  startup_stm32f10x_md.o(.text)
    SPI1_IRQHandler                          0x0800024b   Thumb Code     0  startup_stm32f10x_md.o(.text)
    SPI2_IRQHandler                          0x0800024b   Thumb Code     0  startup_stm32f10x_md.o(.text)
    TAMPER_IRQHandler                        0x0800024b   Thumb Code     0  startup_stm32f10x_md.o(.text)
    TIM1_BRK_IRQHandler                      0x0800024b   Thumb Code     0  startup_stm32f10x_md.o(.text)
    TIM1_CC_IRQHandler                       0x0800024b   Thumb Code     0  startup_stm32f10x_md.o(.text)
    TIM1_TRG_COM_IRQHandler                  0x0800024b   Thumb Code     0  startup_stm32f10x_md.o(.text)
    TIM1_UP_IRQHandler                       0x0800024b   Thumb Code     0  startup_stm32f10x_md.o(.text)
    TIM3_IRQHandler                          0x0800024b   Thumb Code     0  startup_stm32f10x_md.o(.text)
    TIM4_IRQHandler                          0x0800024b   Thumb Code     0  startup_stm32f10x_md.o(.text)
    USART3_IRQHandler                        0x0800024b   Thumb Code     0  startup_stm32f10x_md.o(.text)
    USBWakeUp_IRQHandler                     0x0800024b   Thumb Code     0  startup_stm32f10x_md.o(.text)
    USB_HP_CAN1_TX_IRQHandler                0x0800024b   Thumb Code     0  startup_stm32f10x_md.o(.text)
    USB_LP_CAN1_RX0_IRQHandler               0x0800024b   Thumb Code     0  startup_stm32f10x_md.o(.text)
    WWDG_IRQHandler                          0x0800024b   Thumb Code     0  startup_stm32f10x_md.o(.text)
    __user_initial_stackheap                 0x0800024d   Thumb Code     0  startup_stm32f10x_md.o(.text)
    __use_no_semihosting                     0x0800026d   Thumb Code     2  use_no_semi_2.o(.text)
    vsprintf                                 0x08000271   Thumb Code    32  vsprintf.o(.text)
    __2printf                                0x08000295   Thumb Code    20  __2printf.o(.text)
    _printf_str                              0x080002ad   Thumb Code    82  _printf_str.o(.text)
    __printf                                 0x08000301   Thumb Code   388  __printf_flags_ss_wp.o(.text)
    strstr                                   0x08000489   Thumb Code    36  strstr.o(.text)
    strlen                                   0x080004ad   Thumb Code    62  strlen.o(.text)
    __aeabi_memclr                           0x080004eb   Thumb Code     0  rt_memclr.o(.text)
    __rt_memclr                              0x080004eb   Thumb Code    68  rt_memclr.o(.text)
    _memset                                  0x080004ef   Thumb Code     0  rt_memclr.o(.text)
    __use_two_region_memory                  0x0800052f   Thumb Code     2  heapauxi.o(.text)
    __rt_heap_escrow$2region                 0x08000531   Thumb Code     2  heapauxi.o(.text)
    __rt_heap_expand$2region                 0x08000533   Thumb Code     2  heapauxi.o(.text)
    __I$use$semihosting                      0x08000535   Thumb Code     0  use_no_semi.o(.text)
    __use_no_semihosting_swi                 0x08000535   Thumb Code     2  use_no_semi.o(.text)
    _printf_pre_padding                      0x08000537   Thumb Code    44  _printf_pad.o(.text)
    _printf_post_padding                     0x08000563   Thumb Code    34  _printf_pad.o(.text)
    _printf_truncate_signed                  0x08000585   Thumb Code    18  _printf_truncate.o(.text)
    _printf_truncate_unsigned                0x08000597   Thumb Code    18  _printf_truncate.o(.text)
    _printf_int_dec                          0x080005a9   Thumb Code   104  _printf_dec.o(.text)
    _printf_charcount                        0x08000621   Thumb Code    40  _printf_charcount.o(.text)
    _printf_char_common                      0x08000653   Thumb Code    32  _printf_char_common.o(.text)
    _sputc                                   0x08000679   Thumb Code    10  _sputc.o(.text)
    _printf_cs_common                        0x08000683   Thumb Code    20  _printf_char.o(.text)
    _printf_char                             0x08000697   Thumb Code    16  _printf_char.o(.text)
    _printf_string                           0x080006a7   Thumb Code     8  _printf_char.o(.text)
    _printf_char_file                        0x080006b1   Thumb Code    32  _printf_char_file.o(.text)
    _printf_wctomb                           0x080006d5   Thumb Code   182  _printf_wctomb.o(.text)
    _printf_longlong_dec                     0x08000791   Thumb Code   108  _printf_longlong_dec.o(.text)
    _printf_longlong_oct                     0x0800080d   Thumb Code    66  _printf_oct_int_ll.o(.text)
    _printf_int_oct                          0x0800084f   Thumb Code    24  _printf_oct_int_ll.o(.text)
    _printf_ll_oct                           0x08000867   Thumb Code    12  _printf_oct_int_ll.o(.text)
    _printf_longlong_hex                     0x0800087d   Thumb Code    86  _printf_hex_int_ll_ptr.o(.text)
    _printf_int_hex                          0x080008d3   Thumb Code    28  _printf_hex_int_ll_ptr.o(.text)
    _printf_ll_hex                           0x080008ef   Thumb Code    12  _printf_hex_int_ll_ptr.o(.text)
    _printf_hex_ptr                          0x080008fb   Thumb Code    18  _printf_hex_int_ll_ptr.o(.text)
    __aeabi_memclr4                          0x08000911   Thumb Code     0  rt_memclr_w.o(.text)
    __aeabi_memclr8                          0x08000911   Thumb Code     0  rt_memclr_w.o(.text)
    __rt_memclr_w                            0x08000911   Thumb Code    78  rt_memclr_w.o(.text)
    _memset_w                                0x08000915   Thumb Code     0  rt_memclr_w.o(.text)
    _ll_udiv10                               0x0800095f   Thumb Code   138  lludiv10.o(.text)
    _printf_int_common                       0x080009e9   Thumb Code   178  _printf_intcommon.o(.text)
    __lib_sel_fp_printf                      0x08000a9b   Thumb Code     2  _printf_fp_dec.o(.text)
    _printf_fp_dec_real                      0x08000c49   Thumb Code   620  _printf_fp_dec.o(.text)
    _printf_fp_hex_real                      0x08000eb5   Thumb Code   756  _printf_fp_hex.o(.text)
    _printf_lcs_common                       0x080011b1   Thumb Code    20  _printf_wchar.o(.text)
    _printf_wchar                            0x080011c5   Thumb Code    16  _printf_wchar.o(.text)
    _printf_wstring                          0x080011d5   Thumb Code     8  _printf_wchar.o(.text)
    ferror                                   0x080011dd   Thumb Code     8  ferror.o(.text)
    _wcrtomb                                 0x080011e5   Thumb Code    64  _wcrtomb.o(.text)
    __user_setup_stackheap                   0x08001225   Thumb Code    74  sys_stackheap_outer.o(.text)
    __rt_ctype_table                         0x08001271   Thumb Code    16  rt_ctype_table.o(.text)
    __rt_locale                              0x08001281   Thumb Code     8  rt_locale_intlibspace.o(.text)
    _printf_fp_infnan                        0x08001289   Thumb Code   112  _printf_fp_infnan.o(.text)
    _btod_etento                             0x08001309   Thumb Code   216  bigflt0.o(.text)
    exit                                     0x080013e5   Thumb Code    18  exit.o(.text)
    __user_libspace                          0x080013f9   Thumb Code     8  libspace.o(.text)
    __user_perproc_libspace                  0x080013f9   Thumb Code     0  libspace.o(.text)
    __user_perthread_libspace                0x080013f9   Thumb Code     0  libspace.o(.text)
    strcmp                                   0x08001401   Thumb Code   128  strcmpv7m.o(.text)
    _btod_d2e                                0x08001481   Thumb Code    62  btod.o(CL$$btod_d2e)
    _d2e_denorm_low                          0x080014bf   Thumb Code    70  btod.o(CL$$btod_d2e_denorm_low)
    _d2e_norm_op1                            0x08001505   Thumb Code    96  btod.o(CL$$btod_d2e_norm_op1)
    __btod_div_common                        0x08001565   Thumb Code   696  btod.o(CL$$btod_div_common)
    _e2e                                     0x0800189d   Thumb Code   198  btod.o(CL$$btod_e2e)
    _btod_ediv                               0x08001963   Thumb Code    40  btod.o(CL$$btod_ediv)
    _btod_emul                               0x0800198b   Thumb Code    40  btod.o(CL$$btod_emul)
    __btod_mult_common                       0x080019b3   Thumb Code   580  btod.o(CL$$btod_mult_common)
    BusFault_Handler                         0x08001bf7   Thumb Code     4  stm32f10x_it.o(i.BusFault_Handler)
    DebugMon_Handler                         0x08001bfb   Thumb Code     2  stm32f10x_it.o(i.DebugMon_Handler)
    GPIOB_Init                               0x08001bfd   Thumb Code    84  car.o(i.GPIOB_Init)
    GPIO_Init                                0x08001c55   Thumb Code   278  stm32f10x_gpio.o(i.GPIO_Init)
    GPIO_ResetBits                           0x08001d6b   Thumb Code     4  stm32f10x_gpio.o(i.GPIO_ResetBits)
    GPIO_SetBits                             0x08001d6f   Thumb Code     4  stm32f10x_gpio.o(i.GPIO_SetBits)
    HardFault_Handler                        0x08001d73   Thumb Code     4  stm32f10x_it.o(i.HardFault_Handler)
    MemManage_Handler                        0x08001d77   Thumb Code     4  stm32f10x_it.o(i.MemManage_Handler)
    NMI_Handler                              0x08001d7b   Thumb Code     2  stm32f10x_it.o(i.NMI_Handler)
    NVIC_Init                                0x08001d7d   Thumb Code   100  misc.o(i.NVIC_Init)
    NVIC_PriorityGroupConfig                 0x08001ded   Thumb Code    10  misc.o(i.NVIC_PriorityGroupConfig)
    PendSV_Handler                           0x08001e01   Thumb Code     2  stm32f10x_it.o(i.PendSV_Handler)
    RCC_APB1PeriphClockCmd                   0x08001e05   Thumb Code    26  stm32f10x_rcc.o(i.RCC_APB1PeriphClockCmd)
    RCC_APB1PeriphResetCmd                   0x08001e25   Thumb Code    26  stm32f10x_rcc.o(i.RCC_APB1PeriphResetCmd)
    RCC_APB2PeriphClockCmd                   0x08001e45   Thumb Code    26  stm32f10x_rcc.o(i.RCC_APB2PeriphClockCmd)
    RCC_APB2PeriphResetCmd                   0x08001e65   Thumb Code    26  stm32f10x_rcc.o(i.RCC_APB2PeriphResetCmd)
    RCC_GetClocksFreq                        0x08001e85   Thumb Code   192  stm32f10x_rcc.o(i.RCC_GetClocksFreq)
    SVC_Handler                              0x08001f59   Thumb Code     2  stm32f10x_it.o(i.SVC_Handler)
    SysTick_CLKSourceConfig                  0x08001f5b   Thumb Code    40  misc.o(i.SysTick_CLKSourceConfig)
    SysTick_Handler                          0x08001f83   Thumb Code     2  stm32f10x_it.o(i.SysTick_Handler)
    TIM2_IRQHandler                          0x08001f85   Thumb Code    44  timer.o(i.TIM2_IRQHandler)
    TIM2_Int_Init                            0x08001fb5   Thumb Code    92  timer.o(i.TIM2_Int_Init)
    TIM3_PWM_Init                            0x08002011   Thumb Code   248  pwm.o(i.TIM3_PWM_Init)
    TIM_ClearITPendingBit                    0x08002115   Thumb Code     6  stm32f10x_tim.o(i.TIM_ClearITPendingBit)
    TIM_Cmd                                  0x0800211b   Thumb Code    24  stm32f10x_tim.o(i.TIM_Cmd)
    TIM_CtrlPWMOutputs                       0x08002133   Thumb Code    30  stm32f10x_tim.o(i.TIM_CtrlPWMOutputs)
    TIM_GetITStatus                          0x08002151   Thumb Code    34  stm32f10x_tim.o(i.TIM_GetITStatus)
    TIM_ITConfig                             0x08002173   Thumb Code    18  stm32f10x_tim.o(i.TIM_ITConfig)
    TIM_OC1Init                              0x08002185   Thumb Code   132  stm32f10x_tim.o(i.TIM_OC1Init)
    TIM_OC1PreloadConfig                     0x0800221d   Thumb Code    18  stm32f10x_tim.o(i.TIM_OC1PreloadConfig)
    TIM_OC2Init                              0x08002231   Thumb Code   154  stm32f10x_tim.o(i.TIM_OC2Init)
    TIM_OC2PreloadConfig                     0x080022d5   Thumb Code    26  stm32f10x_tim.o(i.TIM_OC2PreloadConfig)
    TIM_OC3Init                              0x080022f1   Thumb Code   150  stm32f10x_tim.o(i.TIM_OC3Init)
    TIM_OC3PreloadConfig                     0x08002391   Thumb Code    18  stm32f10x_tim.o(i.TIM_OC3PreloadConfig)
    TIM_OC4Init                              0x080023a5   Thumb Code   114  stm32f10x_tim.o(i.TIM_OC4Init)
    TIM_OC4PreloadConfig                     0x08002421   Thumb Code    26  stm32f10x_tim.o(i.TIM_OC4PreloadConfig)
    TIM_SetCompare1                          0x0800243b   Thumb Code     4  stm32f10x_tim.o(i.TIM_SetCompare1)
    TIM_SetCompare2                          0x0800243f   Thumb Code     4  stm32f10x_tim.o(i.TIM_SetCompare2)
    TIM_SetCompare3                          0x08002443   Thumb Code     4  stm32f10x_tim.o(i.TIM_SetCompare3)
    TIM_SetCompare4                          0x08002447   Thumb Code     6  stm32f10x_tim.o(i.TIM_SetCompare4)
    TIM_SetCounter                           0x0800244d   Thumb Code     4  stm32f10x_tim.o(i.TIM_SetCounter)
    TIM_TimeBaseInit                         0x08002451   Thumb Code   122  stm32f10x_tim.o(i.TIM_TimeBaseInit)
    USART1_IRQHandler                        0x080024f5   Thumb Code   122  usart.o(i.USART1_IRQHandler)
    USART2_IRQHandler                        0x0800257d   Thumb Code    96  usart2.o(i.USART2_IRQHandler)
    USART2_init                              0x080025e9   Thumb Code   190  usart2.o(i.USART2_init)
    USART_Cmd                                0x080026b5   Thumb Code    24  stm32f10x_usart.o(i.USART_Cmd)
    USART_DeInit                             0x080026cd   Thumb Code   134  stm32f10x_usart.o(i.USART_DeInit)
    USART_GetFlagStatus                      0x08002769   Thumb Code    26  stm32f10x_usart.o(i.USART_GetFlagStatus)
    USART_GetITStatus                        0x08002783   Thumb Code    84  stm32f10x_usart.o(i.USART_GetITStatus)
    USART_ITConfig                           0x080027d7   Thumb Code    74  stm32f10x_usart.o(i.USART_ITConfig)
    USART_Init                               0x08002821   Thumb Code   210  stm32f10x_usart.o(i.USART_Init)
    USART_ReceiveData                        0x080028f9   Thumb Code    10  stm32f10x_usart.o(i.USART_ReceiveData)
    USART_SendData                           0x08002903   Thumb Code     8  stm32f10x_usart.o(i.USART_SendData)
    UsageFault_Handler                       0x0800290b   Thumb Code     4  stm32f10x_it.o(i.UsageFault_Handler)
    WIFI_Rece_Data                           0x08002911   Thumb Code    44  esp8266.o(i.WIFI_Rece_Data)
    __ARM_fpclassify                         0x08002945   Thumb Code    40  fpclassify.o(i.__ARM_fpclassify)
    _is_digit                                0x0800296d   Thumb Code    14  __printf_wp.o(i._is_digit)
    _sys_exit                                0x0800297b   Thumb Code     4  usart.o(i._sys_exit)
    back                                     0x08002981   Thumb Code    24  car.o(i.back)
    delay_init                               0x0800299d   Thumb Code    50  delay.o(i.delay_init)
    delay_ms                                 0x080029e1   Thumb Code    72  delay.o(i.delay_ms)
    esp8266_check_cmd                        0x08002a2d   Thumb Code    44  esp8266.o(i.esp8266_check_cmd)
    esp8266_quit_trans                       0x08002a61   Thumb Code    50  esp8266.o(i.esp8266_quit_trans)
    esp8266_send_cmd                         0x08002ac1   Thumb Code    92  esp8266.o(i.esp8266_send_cmd)
    esp8266_start_trans                      0x08002b35   Thumb Code   144  esp8266.o(i.esp8266_start_trans)
    forward                                  0x08002c69   Thumb Code    24  car.o(i.forward)
    fputc                                    0x08002c85   Thumb Code    24  usart.o(i.fputc)
    main                                     0x08002ca1   Thumb Code   588  main.o(i.main)
    setpwm                                   0x08002eed   Thumb Code    38  car.o(i.setpwm)
    setpwm1                                  0x08002f19   Thumb Code    40  car.o(i.setpwm1)
    stop                                     0x08002f45   Thumb Code    14  car.o(i.stop)
    turn_left                                0x08002f59   Thumb Code    24  car.o(i.turn_left)
    turn_left1                               0x08002f75   Thumb Code    24  car.o(i.turn_left1)
    turn_right                               0x08002f91   Thumb Code    24  car.o(i.turn_right)
    turn_right1                              0x08002fad   Thumb Code    24  car.o(i.turn_right1)
    u3_printf                                0x08002fc9   Thumb Code    72  usart2.o(i.u3_printf)
    uart_init                                0x08003019   Thumb Code   152  usart.o(i.uart_init)
    _get_lc_numeric                          0x080030b9   Thumb Code    44  lc_numeric_c.o(locale$$code)
    _get_lc_ctype                            0x080030e5   Thumb Code    44  lc_ctype_c.o(locale$$code)
    _printf_fp_dec                           0x08003111   Thumb Code     4  printf1.o(x$fpl$printf1)
    _printf_fp_hex                           0x08003115   Thumb Code     4  printf2.o(x$fpl$printf2)
    __I$use$fp                               0x08003118   Number         0  usenofp.o(x$fpl$usenofp)
    Region$$Table$$Base                      0x08003218   Number         0  anon$$obj.o(Region$$Table)
    Region$$Table$$Limit                     0x08003238   Number         0  anon$$obj.o(Region$$Table)
    __ctype                                  0x08003261   Data           0  lc_ctype_c.o(locale$$data)
    SystemCoreClock                          0x20000000   Data           4  system_stm32f10x.o(.data)
    AHBPrescTable                            0x20000004   Data          16  system_stm32f10x.o(.data)
    __stdout                                 0x20000014   Data           4  usart.o(.data)
    USART_RX_STA                             0x20000018   Data           2  usart.o(.data)
    USART2_RX_STA                            0x20000032   Data           2  usart2.o(.data)
    USART_RX_BUF                             0x20000034   Data         200  usart.o(.bss)
    USART2_RX_BUF                            0x200000fc   Data         600  usart2.o(.bss)
    USART2_TX_BUF                            0x20000354   Data         600  usart2.o(.bss)
    __libspace_start                         0x200005ac   Data          96  libspace.o(.bss)
    __temporary_stack_top$libspace           0x2000060c   Data           0  libspace.o(.bss)



==============================================================================

Memory Map of the image

  Image Entry point : 0x08000235

  Load Region LR_1 (Base: 0x08000000, Size: 0x00003398, Max: 0xffffffff, ABSOLUTE)

    Execution Region ER_RO (Base: 0x08000000, Size: 0x00003364, Max: 0xffffffff, ABSOLUTE)

    Base Addr    Size         Type   Attr      Idx    E Section Name        Object

    0x08000000   0x000000ec   Data   RO          337    RESET               startup_stm32f10x_md.o
    0x080000ec   0x00000008   Code   RO         3570  * !!!main             c_w.l(__main.o)
    0x080000f4   0x00000034   Code   RO         3871    !!!scatter          c_w.l(__scatter.o)
    0x08000128   0x0000001a   Code   RO         3873    !!handler_copy      c_w.l(__scatter_copy.o)
    0x08000142   0x00000002   PAD
    0x08000144   0x0000001c   Code   RO         3875    !!handler_zi        c_w.l(__scatter_zi.o)
    0x08000160   0x00000000   Code   RO         3561    .ARM.Collect$$_printf_percent$$00000000  c_w.l(_printf_percent.o)
    0x08000160   0x00000006   Code   RO         3624    .ARM.Collect$$_printf_percent$$00000001  c_w.l(_printf_n.o)
    0x08000166   0x00000006   Code   RO         3626    .ARM.Collect$$_printf_percent$$00000002  c_w.l(_printf_p.o)
    0x0800016c   0x00000006   Code   RO         3631    .ARM.Collect$$_printf_percent$$00000003  c_w.l(_printf_f.o)
    0x08000172   0x00000006   Code   RO         3632    .ARM.Collect$$_printf_percent$$00000004  c_w.l(_printf_e.o)
    0x08000178   0x00000006   Code   RO         3633    .ARM.Collect$$_printf_percent$$00000005  c_w.l(_printf_g.o)
    0x0800017e   0x00000006   Code   RO         3634    .ARM.Collect$$_printf_percent$$00000006  c_w.l(_printf_a.o)
    0x08000184   0x0000000a   Code   RO         3639    .ARM.Collect$$_printf_percent$$00000007  c_w.l(_printf_ll.o)
    0x0800018e   0x00000006   Code   RO         3628    .ARM.Collect$$_printf_percent$$00000008  c_w.l(_printf_i.o)
    0x08000194   0x00000006   Code   RO         3629    .ARM.Collect$$_printf_percent$$00000009  c_w.l(_printf_d.o)
    0x0800019a   0x00000006   Code   RO         3630    .ARM.Collect$$_printf_percent$$0000000A  c_w.l(_printf_u.o)
    0x080001a0   0x00000006   Code   RO         3627    .ARM.Collect$$_printf_percent$$0000000B  c_w.l(_printf_o.o)
    0x080001a6   0x00000006   Code   RO         3625    .ARM.Collect$$_printf_percent$$0000000C  c_w.l(_printf_x.o)
    0x080001ac   0x00000006   Code   RO         3636    .ARM.Collect$$_printf_percent$$0000000D  c_w.l(_printf_lli.o)
    0x080001b2   0x00000006   Code   RO         3637    .ARM.Collect$$_printf_percent$$0000000E  c_w.l(_printf_lld.o)
    0x080001b8   0x00000006   Code   RO         3638    .ARM.Collect$$_printf_percent$$0000000F  c_w.l(_printf_llu.o)
    0x080001be   0x00000006   Code   RO         3643    .ARM.Collect$$_printf_percent$$00000010  c_w.l(_printf_llo.o)
    0x080001c4   0x00000006   Code   RO         3644    .ARM.Collect$$_printf_percent$$00000011  c_w.l(_printf_llx.o)
    0x080001ca   0x0000000a   Code   RO         3640    .ARM.Collect$$_printf_percent$$00000012  c_w.l(_printf_l.o)
    0x080001d4   0x00000006   Code   RO         3623    .ARM.Collect$$_printf_percent$$00000013  c_w.l(_printf_c.o)
    0x080001da   0x00000006   Code   RO         3560    .ARM.Collect$$_printf_percent$$00000014  c_w.l(_printf_s.o)
    0x080001e0   0x00000006   Code   RO         3641    .ARM.Collect$$_printf_percent$$00000015  c_w.l(_printf_lc.o)
    0x080001e6   0x00000006   Code   RO         3642    .ARM.Collect$$_printf_percent$$00000016  c_w.l(_printf_ls.o)
    0x080001ec   0x00000004   Code   RO         3635    .ARM.Collect$$_printf_percent$$00000017  c_w.l(_printf_percent_end.o)
    0x080001f0   0x00000002   Code   RO         3735    .ARM.Collect$$libinit$$00000000  c_w.l(libinit.o)
    0x080001f2   0x00000000   Code   RO         3752    .ARM.Collect$$libinit$$00000002  c_w.l(libinit2.o)
    0x080001f2   0x00000000   Code   RO         3754    .ARM.Collect$$libinit$$00000004  c_w.l(libinit2.o)
    0x080001f2   0x00000000   Code   RO         3757    .ARM.Collect$$libinit$$0000000A  c_w.l(libinit2.o)
    0x080001f2   0x00000000   Code   RO         3759    .ARM.Collect$$libinit$$0000000C  c_w.l(libinit2.o)
    0x080001f2   0x00000000   Code   RO         3761    .ARM.Collect$$libinit$$0000000E  c_w.l(libinit2.o)
    0x080001f2   0x00000006   Code   RO         3762    .ARM.Collect$$libinit$$0000000F  c_w.l(libinit2.o)
    0x080001f8   0x00000000   Code   RO         3764    .ARM.Collect$$libinit$$00000011  c_w.l(libinit2.o)
    0x080001f8   0x0000000c   Code   RO         3765    .ARM.Collect$$libinit$$00000012  c_w.l(libinit2.o)
    0x08000204   0x00000000   Code   RO         3766    .ARM.Collect$$libinit$$00000013  c_w.l(libinit2.o)
    0x08000204   0x00000000   Code   RO         3768    .ARM.Collect$$libinit$$00000015  c_w.l(libinit2.o)
    0x08000204   0x0000000a   Code   RO         3769    .ARM.Collect$$libinit$$00000016  c_w.l(libinit2.o)
    0x0800020e   0x00000000   Code   RO         3770    .ARM.Collect$$libinit$$00000017  c_w.l(libinit2.o)
    0x0800020e   0x00000000   Code   RO         3772    .ARM.Collect$$libinit$$00000019  c_w.l(libinit2.o)
    0x0800020e   0x00000000   Code   RO         3774    .ARM.Collect$$libinit$$0000001B  c_w.l(libinit2.o)
    0x0800020e   0x00000000   Code   RO         3776    .ARM.Collect$$libinit$$0000001D  c_w.l(libinit2.o)
    0x0800020e   0x00000000   Code   RO         3778    .ARM.Collect$$libinit$$0000001F  c_w.l(libinit2.o)
    0x0800020e   0x00000000   Code   RO         3780    .ARM.Collect$$libinit$$00000021  c_w.l(libinit2.o)
    0x0800020e   0x00000000   Code   RO         3782    .ARM.Collect$$libinit$$00000023  c_w.l(libinit2.o)
    0x0800020e   0x00000000   Code   RO         3784    .ARM.Collect$$libinit$$00000025  c_w.l(libinit2.o)
    0x0800020e   0x00000000   Code   RO         3788    .ARM.Collect$$libinit$$0000002C  c_w.l(libinit2.o)
    0x0800020e   0x00000000   Code   RO         3790    .ARM.Collect$$libinit$$0000002E  c_w.l(libinit2.o)
    0x0800020e   0x00000000   Code   RO         3792    .ARM.Collect$$libinit$$00000030  c_w.l(libinit2.o)
    0x0800020e   0x00000000   Code   RO         3794    .ARM.Collect$$libinit$$00000032  c_w.l(libinit2.o)
    0x0800020e   0x00000002   Code   RO         3795    .ARM.Collect$$libinit$$00000033  c_w.l(libinit2.o)
    0x08000210   0x00000002   Code   RO         3813    .ARM.Collect$$libshutdown$$00000000  c_w.l(libshutdown.o)
    0x08000212   0x00000000   Code   RO         3823    .ARM.Collect$$libshutdown$$00000002  c_w.l(libshutdown2.o)
    0x08000212   0x00000000   Code   RO         3825    .ARM.Collect$$libshutdown$$00000004  c_w.l(libshutdown2.o)
    0x08000212   0x00000000   Code   RO         3828    .ARM.Collect$$libshutdown$$00000007  c_w.l(libshutdown2.o)
    0x08000212   0x00000000   Code   RO         3831    .ARM.Collect$$libshutdown$$0000000A  c_w.l(libshutdown2.o)
    0x08000212   0x00000000   Code   RO         3833    .ARM.Collect$$libshutdown$$0000000C  c_w.l(libshutdown2.o)
    0x08000212   0x00000000   Code   RO         3836    .ARM.Collect$$libshutdown$$0000000F  c_w.l(libshutdown2.o)
    0x08000212   0x00000002   Code   RO         3837    .ARM.Collect$$libshutdown$$00000010  c_w.l(libshutdown2.o)
    0x08000214   0x00000000   Code   RO         3574    .ARM.Collect$$rtentry$$00000000  c_w.l(__rtentry.o)
    0x08000214   0x00000000   Code   RO         3656    .ARM.Collect$$rtentry$$00000002  c_w.l(__rtentry2.o)
    0x08000214   0x00000006   Code   RO         3668    .ARM.Collect$$rtentry$$00000004  c_w.l(__rtentry4.o)
    0x0800021a   0x00000000   Code   RO         3658    .ARM.Collect$$rtentry$$00000009  c_w.l(__rtentry2.o)
    0x0800021a   0x00000004   Code   RO         3659    .ARM.Collect$$rtentry$$0000000A  c_w.l(__rtentry2.o)
    0x0800021e   0x00000000   Code   RO         3661    .ARM.Collect$$rtentry$$0000000C  c_w.l(__rtentry2.o)
    0x0800021e   0x00000008   Code   RO         3662    .ARM.Collect$$rtentry$$0000000D  c_w.l(__rtentry2.o)
    0x08000226   0x00000002   Code   RO         3744    .ARM.Collect$$rtexit$$00000000  c_w.l(rtexit.o)
    0x08000228   0x00000000   Code   RO         3797    .ARM.Collect$$rtexit$$00000002  c_w.l(rtexit2.o)
    0x08000228   0x00000004   Code   RO         3798    .ARM.Collect$$rtexit$$00000003  c_w.l(rtexit2.o)
    0x0800022c   0x00000006   Code   RO         3799    .ARM.Collect$$rtexit$$00000004  c_w.l(rtexit2.o)
    0x08000232   0x00000002   PAD
    0x08000234   0x00000038   Code   RO          338  * .text               startup_stm32f10x_md.o
    0x0800026c   0x00000002   Code   RO         3528    .text               c_w.l(use_no_semi_2.o)
    0x0800026e   0x00000002   PAD
    0x08000270   0x00000024   Code   RO         3530    .text               c_w.l(vsprintf.o)
    0x08000294   0x00000018   Code   RO         3532    .text               c_w.l(__2printf.o)
    0x080002ac   0x00000052   Code   RO         3538    .text               c_w.l(_printf_str.o)
    0x080002fe   0x00000002   PAD
    0x08000300   0x00000188   Code   RO         3557    .text               c_w.l(__printf_flags_ss_wp.o)
    0x08000488   0x00000024   Code   RO         3562    .text               c_w.l(strstr.o)
    0x080004ac   0x0000003e   Code   RO         3564    .text               c_w.l(strlen.o)
    0x080004ea   0x00000044   Code   RO         3566    .text               c_w.l(rt_memclr.o)
    0x0800052e   0x00000006   Code   RO         3568    .text               c_w.l(heapauxi.o)
    0x08000534   0x00000002   Code   RO         3572    .text               c_w.l(use_no_semi.o)
    0x08000536   0x0000004e   Code   RO         3575    .text               c_w.l(_printf_pad.o)
    0x08000584   0x00000024   Code   RO         3577    .text               c_w.l(_printf_truncate.o)
    0x080005a8   0x00000078   Code   RO         3579    .text               c_w.l(_printf_dec.o)
    0x08000620   0x00000028   Code   RO         3581    .text               c_w.l(_printf_charcount.o)
    0x08000648   0x00000030   Code   RO         3583    .text               c_w.l(_printf_char_common.o)
    0x08000678   0x0000000a   Code   RO         3585    .text               c_w.l(_sputc.o)
    0x08000682   0x0000002c   Code   RO         3587    .text               c_w.l(_printf_char.o)
    0x080006ae   0x00000002   PAD
    0x080006b0   0x00000024   Code   RO         3589    .text               c_w.l(_printf_char_file.o)
    0x080006d4   0x000000bc   Code   RO         3591    .text               c_w.l(_printf_wctomb.o)
    0x08000790   0x0000007c   Code   RO         3594    .text               c_w.l(_printf_longlong_dec.o)
    0x0800080c   0x00000070   Code   RO         3600    .text               c_w.l(_printf_oct_int_ll.o)
    0x0800087c   0x00000094   Code   RO         3620    .text               c_w.l(_printf_hex_int_ll_ptr.o)
    0x08000910   0x0000004e   Code   RO         3645    .text               c_w.l(rt_memclr_w.o)
    0x0800095e   0x0000008a   Code   RO         3670    .text               c_w.l(lludiv10.o)
    0x080009e8   0x000000b2   Code   RO         3672    .text               c_w.l(_printf_intcommon.o)
    0x08000a9a   0x0000041a   Code   RO         3674    .text               c_w.l(_printf_fp_dec.o)
    0x08000eb4   0x000002fc   Code   RO         3676    .text               c_w.l(_printf_fp_hex.o)
    0x080011b0   0x0000002c   Code   RO         3681    .text               c_w.l(_printf_wchar.o)
    0x080011dc   0x00000008   Code   RO         3683    .text               c_w.l(ferror.o)
    0x080011e4   0x00000040   Code   RO         3687    .text               c_w.l(_wcrtomb.o)
    0x08001224   0x0000004a   Code   RO         3689    .text               c_w.l(sys_stackheap_outer.o)
    0x0800126e   0x00000002   PAD
    0x08001270   0x00000010   Code   RO         3691    .text               c_w.l(rt_ctype_table.o)
    0x08001280   0x00000008   Code   RO         3696    .text               c_w.l(rt_locale_intlibspace.o)
    0x08001288   0x00000080   Code   RO         3698    .text               c_w.l(_printf_fp_infnan.o)
    0x08001308   0x000000dc   Code   RO         3700    .text               c_w.l(bigflt0.o)
    0x080013e4   0x00000012   Code   RO         3728    .text               c_w.l(exit.o)
    0x080013f6   0x00000002   PAD
    0x080013f8   0x00000008   Code   RO         3741    .text               c_w.l(libspace.o)
    0x08001400   0x00000080   Code   RO         3749    .text               c_w.l(strcmpv7m.o)
    0x08001480   0x0000003e   Code   RO         3703    CL$$btod_d2e        c_w.l(btod.o)
    0x080014be   0x00000046   Code   RO         3705    CL$$btod_d2e_denorm_low  c_w.l(btod.o)
    0x08001504   0x00000060   Code   RO         3704    CL$$btod_d2e_norm_op1  c_w.l(btod.o)
    0x08001564   0x00000338   Code   RO         3713    CL$$btod_div_common  c_w.l(btod.o)
    0x0800189c   0x000000c6   Code   RO         3710    CL$$btod_e2e        c_w.l(btod.o)
    0x08001962   0x00000028   Code   RO         3707    CL$$btod_ediv       c_w.l(btod.o)
    0x0800198a   0x00000028   Code   RO         3706    CL$$btod_emul       c_w.l(btod.o)
    0x080019b2   0x00000244   Code   RO         3712    CL$$btod_mult_common  c_w.l(btod.o)
    0x08001bf6   0x00000004   Code   RO          132    i.BusFault_Handler  stm32f10x_it.o
    0x08001bfa   0x00000002   Code   RO          133    i.DebugMon_Handler  stm32f10x_it.o
    0x08001bfc   0x00000058   Code   RO         3340    i.GPIOB_Init        car.o
    0x08001c54   0x00000116   Code   RO         1493    i.GPIO_Init         stm32f10x_gpio.o
    0x08001d6a   0x00000004   Code   RO         1500    i.GPIO_ResetBits    stm32f10x_gpio.o
    0x08001d6e   0x00000004   Code   RO         1501    i.GPIO_SetBits      stm32f10x_gpio.o
    0x08001d72   0x00000004   Code   RO          134    i.HardFault_Handler  stm32f10x_it.o
    0x08001d76   0x00000004   Code   RO          135    i.MemManage_Handler  stm32f10x_it.o
    0x08001d7a   0x00000002   Code   RO          136    i.NMI_Handler       stm32f10x_it.o
    0x08001d7c   0x00000070   Code   RO          342    i.NVIC_Init         misc.o
    0x08001dec   0x00000014   Code   RO          343    i.NVIC_PriorityGroupConfig  misc.o
    0x08001e00   0x00000002   Code   RO          137    i.PendSV_Handler    stm32f10x_it.o
    0x08001e02   0x00000002   PAD
    0x08001e04   0x00000020   Code   RO         1909    i.RCC_APB1PeriphClockCmd  stm32f10x_rcc.o
    0x08001e24   0x00000020   Code   RO         1910    i.RCC_APB1PeriphResetCmd  stm32f10x_rcc.o
    0x08001e44   0x00000020   Code   RO         1911    i.RCC_APB2PeriphClockCmd  stm32f10x_rcc.o
    0x08001e64   0x00000020   Code   RO         1912    i.RCC_APB2PeriphResetCmd  stm32f10x_rcc.o
    0x08001e84   0x000000d4   Code   RO         1919    i.RCC_GetClocksFreq  stm32f10x_rcc.o
    0x08001f58   0x00000002   Code   RO          138    i.SVC_Handler       stm32f10x_it.o
    0x08001f5a   0x00000028   Code   RO          346    i.SysTick_CLKSourceConfig  misc.o
    0x08001f82   0x00000002   Code   RO          139    i.SysTick_Handler   stm32f10x_it.o
    0x08001f84   0x00000030   Code   RO         3309    i.TIM2_IRQHandler   timer.o
    0x08001fb4   0x0000005c   Code   RO         3310    i.TIM2_Int_Init     timer.o
    0x08002010   0x00000104   Code   RO         3328    i.TIM3_PWM_Init     pwm.o
    0x08002114   0x00000006   Code   RO         2538    i.TIM_ClearITPendingBit  stm32f10x_tim.o
    0x0800211a   0x00000018   Code   RO         2543    i.TIM_Cmd           stm32f10x_tim.o
    0x08002132   0x0000001e   Code   RO         2545    i.TIM_CtrlPWMOutputs  stm32f10x_tim.o
    0x08002150   0x00000022   Code   RO         2564    i.TIM_GetITStatus   stm32f10x_tim.o
    0x08002172   0x00000012   Code   RO         2568    i.TIM_ITConfig      stm32f10x_tim.o
    0x08002184   0x00000098   Code   RO         2572    i.TIM_OC1Init       stm32f10x_tim.o
    0x0800221c   0x00000012   Code   RO         2575    i.TIM_OC1PreloadConfig  stm32f10x_tim.o
    0x0800222e   0x00000002   PAD
    0x08002230   0x000000a4   Code   RO         2577    i.TIM_OC2Init       stm32f10x_tim.o
    0x080022d4   0x0000001a   Code   RO         2580    i.TIM_OC2PreloadConfig  stm32f10x_tim.o
    0x080022ee   0x00000002   PAD
    0x080022f0   0x000000a0   Code   RO         2582    i.TIM_OC3Init       stm32f10x_tim.o
    0x08002390   0x00000012   Code   RO         2585    i.TIM_OC3PreloadConfig  stm32f10x_tim.o
    0x080023a2   0x00000002   PAD
    0x080023a4   0x0000007c   Code   RO         2587    i.TIM_OC4Init       stm32f10x_tim.o
    0x08002420   0x0000001a   Code   RO         2589    i.TIM_OC4PreloadConfig  stm32f10x_tim.o
    0x0800243a   0x00000004   Code   RO         2604    i.TIM_SetCompare1   stm32f10x_tim.o
    0x0800243e   0x00000004   Code   RO         2605    i.TIM_SetCompare2   stm32f10x_tim.o
    0x08002442   0x00000004   Code   RO         2606    i.TIM_SetCompare3   stm32f10x_tim.o
    0x08002446   0x00000006   Code   RO         2607    i.TIM_SetCompare4   stm32f10x_tim.o
    0x0800244c   0x00000004   Code   RO         2608    i.TIM_SetCounter    stm32f10x_tim.o
    0x08002450   0x000000a4   Code   RO         2614    i.TIM_TimeBaseInit  stm32f10x_tim.o
    0x080024f4   0x00000088   Code   RO          284    i.USART1_IRQHandler  usart.o
    0x0800257c   0x0000006c   Code   RO         3488    i.USART2_IRQHandler  usart2.o
    0x080025e8   0x000000cc   Code   RO         3489    i.USART2_init       usart2.o
    0x080026b4   0x00000018   Code   RO         3079    i.USART_Cmd         stm32f10x_usart.o
    0x080026cc   0x0000009c   Code   RO         3081    i.USART_DeInit      stm32f10x_usart.o
    0x08002768   0x0000001a   Code   RO         3082    i.USART_GetFlagStatus  stm32f10x_usart.o
    0x08002782   0x00000054   Code   RO         3083    i.USART_GetITStatus  stm32f10x_usart.o
    0x080027d6   0x0000004a   Code   RO         3085    i.USART_ITConfig    stm32f10x_usart.o
    0x08002820   0x000000d8   Code   RO         3086    i.USART_Init        stm32f10x_usart.o
    0x080028f8   0x0000000a   Code   RO         3093    i.USART_ReceiveData  stm32f10x_usart.o
    0x08002902   0x00000008   Code   RO         3096    i.USART_SendData    stm32f10x_usart.o
    0x0800290a   0x00000004   Code   RO          140    i.UsageFault_Handler  stm32f10x_it.o
    0x0800290e   0x00000002   PAD
    0x08002910   0x00000034   Code   RO         3435    i.WIFI_Rece_Data    esp8266.o
    0x08002944   0x00000028   Code   RO         3739    i.__ARM_fpclassify  m_ws.l(fpclassify.o)
    0x0800296c   0x0000000e   Code   RO         3550    i._is_digit         c_w.l(__printf_wp.o)
    0x0800297a   0x00000004   Code   RO          285    i._sys_exit         usart.o
    0x0800297e   0x00000002   PAD
    0x08002980   0x0000001c   Code   RO         3341    i.back              car.o
    0x0800299c   0x00000044   Code   RO         3406    i.delay_init        delay.o
    0x080029e0   0x0000004c   Code   RO         3407    i.delay_ms          delay.o
    0x08002a2c   0x00000034   Code   RO         3436    i.esp8266_check_cmd  esp8266.o
    0x08002a60   0x00000060   Code   RO         3437    i.esp8266_quit_trans  esp8266.o
    0x08002ac0   0x00000074   Code   RO         3438    i.esp8266_send_cmd  esp8266.o
    0x08002b34   0x00000134   Code   RO         3440    i.esp8266_start_trans  esp8266.o
    0x08002c68   0x0000001c   Code   RO         3342    i.forward           car.o
    0x08002c84   0x0000001c   Code   RO          286    i.fputc             usart.o
    0x08002ca0   0x0000024c   Code   RO            1    i.main              main.o
    0x08002eec   0x0000002c   Code   RO         3343    i.setpwm            car.o
    0x08002f18   0x0000002c   Code   RO         3344    i.setpwm1           car.o
    0x08002f44   0x00000014   Code   RO         3345    i.stop              car.o
    0x08002f58   0x0000001c   Code   RO         3346    i.turn_left         car.o
    0x08002f74   0x0000001c   Code   RO         3347    i.turn_left1        car.o
    0x08002f90   0x0000001c   Code   RO         3348    i.turn_right        car.o
    0x08002fac   0x0000001c   Code   RO         3349    i.turn_right1       car.o
    0x08002fc8   0x00000050   Code   RO         3490    i.u3_printf         usart2.o
    0x08003018   0x000000a0   Code   RO          287    i.uart_init         usart.o
    0x080030b8   0x0000002c   Code   RO         3726    locale$$code        c_w.l(lc_numeric_c.o)
    0x080030e4   0x0000002c   Code   RO         3747    locale$$code        c_w.l(lc_ctype_c.o)
    0x08003110   0x00000004   Code   RO         3647    x$fpl$printf1       fz_ws.l(printf1.o)
    0x08003114   0x00000004   Code   RO         3649    x$fpl$printf2       fz_ws.l(printf2.o)
    0x08003118   0x00000000   Code   RO         3738    x$fpl$usenofp       fz_ws.l(usenofp.o)
    0x08003118   0x00000011   Data   RO         3558    .constdata          c_w.l(__printf_flags_ss_wp.o)
    0x08003129   0x00000003   PAD
    0x0800312c   0x00000008   Data   RO         3592    .constdata          c_w.l(_printf_wctomb.o)
    0x08003134   0x00000028   Data   RO         3621    .constdata          c_w.l(_printf_hex_int_ll_ptr.o)
    0x0800315c   0x00000026   Data   RO         3677    .constdata          c_w.l(_printf_fp_hex.o)
    0x08003182   0x00000002   PAD
    0x08003184   0x00000094   Data   RO         3701    .constdata          c_w.l(bigflt0.o)
    0x08003218   0x00000020   Data   RO         3869    Region$$Table       anon$$obj.o
    0x08003238   0x0000001c   Data   RO         3725    locale$$data        c_w.l(lc_numeric_c.o)
    0x08003254   0x00000110   Data   RO         3746    locale$$data        c_w.l(lc_ctype_c.o)


    Execution Region ER_RW (Base: 0x20000000, Size: 0x00000034, Max: 0xffffffff, ABSOLUTE)

    Base Addr    Size         Type   Attr      Idx    E Section Name        Object

    0x20000000   0x00000014   Data   RW          199    .data               system_stm32f10x.o
    0x20000014   0x00000006   Data   RW          289    .data               usart.o
    0x2000001a   0x00000014   Data   RW         1939    .data               stm32f10x_rcc.o
    0x2000002e   0x00000004   Data   RW         3409    .data               delay.o
    0x20000032   0x00000002   Data   RW         3492    .data               usart2.o


    Execution Region ER_ZI (Base: 0x20000034, Size: 0x00000bdc, Max: 0xffffffff, ABSOLUTE)

    Base Addr    Size         Type   Attr      Idx    E Section Name        Object

    0x20000034   0x000000c8   Zero   RW          288    .bss                usart.o
    0x200000fc   0x000004b0   Zero   RW         3491    .bss                usart2.o
    0x200005ac   0x00000060   Zero   RW         3742    .bss                c_w.l(libspace.o)
    0x2000060c   0x00000004   PAD
    0x20000610   0x00000200   Zero   RW          336    HEAP                startup_stm32f10x_md.o
    0x20000810   0x00000400   Zero   RW          335    STACK               startup_stm32f10x_md.o


==============================================================================

Image component sizes


      Code (inc. data)   RO Data    RW Data    ZI Data      Debug   Object Name

       364         44          0          0          0       4084   car.o
       144         22          0          4          0       1036   delay.o
       624        250          0          0          0       3023   esp8266.o
       588          8          0          0          0      48967   main.o
       172         22          0          0          0       1889   misc.o
       260         12          0          0          0        744   pwm.o
        56         22        236          0       1536        756   startup_stm32f10x_md.o
       286          0          0          0          0       2868   stm32f10x_gpio.o
        26          0          0          0          0       3326   stm32f10x_it.o
       340         44          0         20          0       5288   stm32f10x_rcc.o
       986         92          0          0          0      11172   stm32f10x_tim.o
       598         28          0          0          0       6396   stm32f10x_usart.o
         0          0          0          0          0     203328   sys.o
         0          0          0         20          0        544   system_stm32f10x.o
       140          4          0          0          0       1010   timer.o
       328         26          0          6        200       3852   usart.o
       392         34          0          2       1200       2894   usart2.o

    ----------------------------------------------------------------------
      5316        608        268         52       2936     301177   Object Totals
         0          0         32          0          0          0   (incl. Generated)
        12          0          0          0          0          0   (incl. Padding)

    ----------------------------------------------------------------------

      Code (inc. data)   RO Data    RW Data    ZI Data      Debug   Library Member Name

        24          4          0          0          0         84   __2printf.o
         8          0          0          0          0         68   __main.o
       392          4         17          0          0         92   __printf_flags_ss_wp.o
        14          0          0          0          0         68   __printf_wp.o
         0          0          0          0          0          0   __rtentry.o
        12          0          0          0          0          0   __rtentry2.o
         6          0          0          0          0          0   __rtentry4.o
        52          8          0          0          0          0   __scatter.o
        26          0          0          0          0          0   __scatter_copy.o
        28          0          0          0          0          0   __scatter_zi.o
         6          0          0          0          0          0   _printf_a.o
         6          0          0          0          0          0   _printf_c.o
        44          0          0          0          0        108   _printf_char.o
        48          6          0          0          0         96   _printf_char_common.o
        36          4          0          0          0         80   _printf_char_file.o
        40          0          0          0          0         68   _printf_charcount.o
         6          0          0          0          0          0   _printf_d.o
       120         16          0          0          0         92   _printf_dec.o
         6          0          0          0          0          0   _printf_e.o
         6          0          0          0          0          0   _printf_f.o
      1050          0          0          0          0        216   _printf_fp_dec.o
       764          8         38          0          0        100   _printf_fp_hex.o
       128         16          0          0          0         84   _printf_fp_infnan.o
         6          0          0          0          0          0   _printf_g.o
       148          4         40          0          0        160   _printf_hex_int_ll_ptr.o
         6          0          0          0          0          0   _printf_i.o
       178          0          0          0          0         88   _printf_intcommon.o
        10          0          0          0          0          0   _printf_l.o
         6          0          0          0          0          0   _printf_lc.o
        10          0          0          0          0          0   _printf_ll.o
         6          0          0          0          0          0   _printf_lld.o
         6          0          0          0          0          0   _printf_lli.o
         6          0          0          0          0          0   _printf_llo.o
         6          0          0          0          0          0   _printf_llu.o
         6          0          0          0          0          0   _printf_llx.o
       124         16          0          0          0         92   _printf_longlong_dec.o
         6          0          0          0          0          0   _printf_ls.o
         6          0          0          0          0          0   _printf_n.o
         6          0          0          0          0          0   _printf_o.o
       112         10          0          0          0        124   _printf_oct_int_ll.o
         6          0          0          0          0          0   _printf_p.o
        78          0          0          0          0        108   _printf_pad.o
         0          0          0          0          0          0   _printf_percent.o
         4          0          0          0          0          0   _printf_percent_end.o
         6          0          0          0          0          0   _printf_s.o
        82          0          0          0          0         80   _printf_str.o
        36          0          0          0          0         84   _printf_truncate.o
         6          0          0          0          0          0   _printf_u.o
        44          0          0          0          0        108   _printf_wchar.o
       188          6          8          0          0         92   _printf_wctomb.o
         6          0          0          0          0          0   _printf_x.o
        10          0          0          0          0         68   _sputc.o
        64          0          0          0          0         92   _wcrtomb.o
       220          4        148          0          0         96   bigflt0.o
      1910        128          0          0          0        672   btod.o
        18          0          0          0          0         80   exit.o
         8          0          0          0          0         68   ferror.o
         6          0          0          0          0        152   heapauxi.o
        44         10        272          0          0         76   lc_ctype_c.o
        44         10         28          0          0         76   lc_numeric_c.o
         2          0          0          0          0          0   libinit.o
        30          0          0          0          0          0   libinit2.o
         2          0          0          0          0          0   libshutdown.o
         2          0          0          0          0          0   libshutdown2.o
         8          4          0          0         96         68   libspace.o
       138          0          0          0          0         80   lludiv10.o
        16          4          0          0          0         76   rt_ctype_table.o
         8          4          0          0          0         68   rt_locale_intlibspace.o
        68          0          0          0          0         68   rt_memclr.o
        78          0          0          0          0         80   rt_memclr_w.o
         2          0          0          0          0          0   rtexit.o
        10          0          0          0          0          0   rtexit2.o
       128          0          0          0          0         68   strcmpv7m.o
        62          0          0          0          0         76   strlen.o
        36          0          0          0          0         80   strstr.o
        74          0          0          0          0         80   sys_stackheap_outer.o
         2          0          0          0          0         68   use_no_semi.o
         2          0          0          0          0         68   use_no_semi_2.o
        36          4          0          0          0         76   vsprintf.o
         4          0          0          0          0         68   printf1.o
         4          0          0          0          0         68   printf2.o
         0          0          0          0          0          0   usenofp.o
        40          0          0          0          0         68   fpclassify.o

    ----------------------------------------------------------------------
      7016        270        556          0        100       4632   Library Totals
        14          0          5          0          4          0   (incl. Padding)

    ----------------------------------------------------------------------

      Code (inc. data)   RO Data    RW Data    ZI Data      Debug   Library Name

      6954        270        551          0         96       4428   c_w.l
         8          0          0          0          0        136   fz_ws.l
        40          0          0          0          0         68   m_ws.l

    ----------------------------------------------------------------------
      7016        270        556          0        100       4632   Library Totals

    ----------------------------------------------------------------------

==============================================================================


      Code (inc. data)   RO Data    RW Data    ZI Data      Debug   

     12332        878        824         52       3036     299565   Grand Totals
     12332        878        824         52       3036     299565   ELF Image Totals
     12332        878        824         52          0          0   ROM Totals

==============================================================================

    Total RO  Size (Code + RO Data)                13156 (  12.85kB)
    Total RW  Size (RW Data + ZI Data)              3088 (   3.02kB)
    Total ROM Size (Code + RO Data + RW Data)      13208 (  12.90kB)

==============================================================================

